Archive member included to satisfy reference by file (symbol)

/usr/local/Cellar/arm-none-eabi-gcc/9-2019-q4-major/gcc/bin/../lib/gcc/arm-none-eabi/9.2.1/thumb/v6-m/nofp/libgcc.a(_dvmd_tls.o)
                              CMakeFiles/project2.dir/Users/dylan/Library/pico/pico-sdk/src/rp2_common/pico_divider/divider.S.obj (__aeabi_idiv0)
/usr/local/Cellar/arm-none-eabi-gcc/9-2019-q4-major/gcc/bin/../lib/gcc/arm-none-eabi/9.2.1/../../../../arm-none-eabi/lib/thumb/v6-m/nofp/libg.a(lib_a-calloc.o)
                              CMakeFiles/project2.dir/Users/dylan/Library/pico/pico-sdk/src/rp2_common/pico_malloc/pico_malloc.c.obj (calloc)
/usr/local/Cellar/arm-none-eabi-gcc/9-2019-q4-major/gcc/bin/../lib/gcc/arm-none-eabi/9.2.1/../../../../arm-none-eabi/lib/thumb/v6-m/nofp/libg.a(lib_a-callocr.o)
                              /usr/local/Cellar/arm-none-eabi-gcc/9-2019-q4-major/gcc/bin/../lib/gcc/arm-none-eabi/9.2.1/../../../../arm-none-eabi/lib/thumb/v6-m/nofp/libg.a(lib_a-calloc.o) (_calloc_r)
/usr/local/Cellar/arm-none-eabi-gcc/9-2019-q4-major/gcc/bin/../lib/gcc/arm-none-eabi/9.2.1/../../../../arm-none-eabi/lib/thumb/v6-m/nofp/libg.a(lib_a-ctype_.o)
                              CMakeFiles/project2.dir/Users/dylan/Library/pico/pico-sdk/lib/tinyusb/src/tusb.c.obj (_ctype_)
/usr/local/Cellar/arm-none-eabi-gcc/9-2019-q4-major/gcc/bin/../lib/gcc/arm-none-eabi/9.2.1/../../../../arm-none-eabi/lib/thumb/v6-m/nofp/libg.a(lib_a-impure.o)
                              /usr/local/Cellar/arm-none-eabi-gcc/9-2019-q4-major/gcc/bin/../lib/gcc/arm-none-eabi/9.2.1/../../../../arm-none-eabi/lib/thumb/v6-m/nofp/libg.a(lib_a-calloc.o) (_impure_ptr)
/usr/local/Cellar/arm-none-eabi-gcc/9-2019-q4-major/gcc/bin/../lib/gcc/arm-none-eabi/9.2.1/../../../../arm-none-eabi/lib/thumb/v6-m/nofp/libg.a(lib_a-init.o)
                              /usr/local/Cellar/arm-none-eabi-gcc/9-2019-q4-major/gcc/bin/../lib/gcc/arm-none-eabi/9.2.1/../../../../arm-none-eabi/lib/thumb/v6-m/nofp/crt0.o (__libc_init_array)
/usr/local/Cellar/arm-none-eabi-gcc/9-2019-q4-major/gcc/bin/../lib/gcc/arm-none-eabi/9.2.1/../../../../arm-none-eabi/lib/thumb/v6-m/nofp/libg.a(lib_a-malloc.o)
                              CMakeFiles/project2.dir/Users/dylan/Library/pico/pico-sdk/src/rp2_common/pico_malloc/pico_malloc.c.obj (malloc)
/usr/local/Cellar/arm-none-eabi-gcc/9-2019-q4-major/gcc/bin/../lib/gcc/arm-none-eabi/9.2.1/../../../../arm-none-eabi/lib/thumb/v6-m/nofp/libg.a(lib_a-mallocr.o)
                              /usr/local/Cellar/arm-none-eabi-gcc/9-2019-q4-major/gcc/bin/../lib/gcc/arm-none-eabi/9.2.1/../../../../arm-none-eabi/lib/thumb/v6-m/nofp/libg.a(lib_a-callocr.o) (_malloc_r)
/usr/local/Cellar/arm-none-eabi-gcc/9-2019-q4-major/gcc/bin/../lib/gcc/arm-none-eabi/9.2.1/../../../../arm-none-eabi/lib/thumb/v6-m/nofp/libg.a(lib_a-mlock.o)
                              /usr/local/Cellar/arm-none-eabi-gcc/9-2019-q4-major/gcc/bin/../lib/gcc/arm-none-eabi/9.2.1/../../../../arm-none-eabi/lib/thumb/v6-m/nofp/libg.a(lib_a-mallocr.o) (__malloc_lock)
/usr/local/Cellar/arm-none-eabi-gcc/9-2019-q4-major/gcc/bin/../lib/gcc/arm-none-eabi/9.2.1/../../../../arm-none-eabi/lib/thumb/v6-m/nofp/libg.a(lib_a-sbrkr.o)
                              /usr/local/Cellar/arm-none-eabi-gcc/9-2019-q4-major/gcc/bin/../lib/gcc/arm-none-eabi/9.2.1/../../../../arm-none-eabi/lib/thumb/v6-m/nofp/libg.a(lib_a-mallocr.o) (_sbrk_r)
/usr/local/Cellar/arm-none-eabi-gcc/9-2019-q4-major/gcc/bin/../lib/gcc/arm-none-eabi/9.2.1/../../../../arm-none-eabi/lib/thumb/v6-m/nofp/libg.a(lib_a-strlen-stub.o)
                              CMakeFiles/project2.dir/Users/dylan/Library/pico/pico-sdk/src/rp2_common/pico_stdio/stdio.c.obj (strlen)
/usr/local/Cellar/arm-none-eabi-gcc/9-2019-q4-major/gcc/bin/../lib/gcc/arm-none-eabi/9.2.1/../../../../arm-none-eabi/lib/thumb/v6-m/nofp/libg.a(lib_a-freer.o)
                              /usr/local/Cellar/arm-none-eabi-gcc/9-2019-q4-major/gcc/bin/../lib/gcc/arm-none-eabi/9.2.1/../../../../arm-none-eabi/lib/thumb/v6-m/nofp/libg.a(lib_a-malloc.o) (_free_r)
/usr/local/Cellar/arm-none-eabi-gcc/9-2019-q4-major/gcc/bin/../lib/gcc/arm-none-eabi/9.2.1/../../../../arm-none-eabi/lib/thumb/v6-m/nofp/libg.a(lib_a-lock.o)
                              /usr/local/Cellar/arm-none-eabi-gcc/9-2019-q4-major/gcc/bin/../lib/gcc/arm-none-eabi/9.2.1/../../../../arm-none-eabi/lib/thumb/v6-m/nofp/libg.a(lib_a-mlock.o) (__retarget_lock_acquire_recursive)
/usr/local/Cellar/arm-none-eabi-gcc/9-2019-q4-major/gcc/bin/../lib/gcc/arm-none-eabi/9.2.1/../../../../arm-none-eabi/lib/thumb/v6-m/nofp/libg.a(lib_a-reent.o)
                              /usr/local/Cellar/arm-none-eabi-gcc/9-2019-q4-major/gcc/bin/../lib/gcc/arm-none-eabi/9.2.1/../../../../arm-none-eabi/lib/thumb/v6-m/nofp/libg.a(lib_a-sbrkr.o) (errno)

Allocating common symbols
Common symbol       size              file

__lock___atexit_recursive_mutex
[...]
Memory Configuration

Name             Origin             Length             Attributes
FLASH            0x0000000010000000 0x0000000000200000 xr
RAM              0x0000000020000000 0x0000000000040000 xrw
SCRATCH_X        0x0000000020040000 0x0000000000001000 xrw
SCRATCH_Y        0x0000000020041000 0x0000000000001000 xrw
*default*        0x0000000000000000 0xffffffffffffffff

Linker script and memory map

LOAD /usr/local/Cellar/arm-none-eabi-gcc/9-2019-q4-major/gcc/bin/../lib/gcc/arm-none-eabi/9.2.1/thumb/v6-m/nofp/crti.o
LOAD /usr/local/Cellar/arm-none-eabi-gcc/9-2019-q4-major/gcc/bin/../lib/gcc/arm-none-eabi/9.2.1/thumb/v6-m/nofp/crtbegin.o
LOAD /usr/local/Cellar/arm-none-eabi-gcc/9-2019-q4-major/gcc/bin/../lib/gcc/arm-none-eabi/9.2.1/../../../../arm-none-eabi/lib/thumb/v6-m/nofp/crt0.o

.flash_begin    0x0000000010000000        0x0
                0x0000000010000000                __flash_binary_start = .

.boot2          0x0000000010000000      0x100
                0x0000000010000000                __boot2_start__ = .
 *(.boot2)
 .boot2         0x0000000010000000      0x100 /var/folders/59/b9rrb54d62g_331jd9lmc_000000gn/T//cceJamG1.o
                0x0000000010000100                __boot2_end__ = .
                0x0000000000000001                ASSERT (((__boot2_end__ - __boot2_start__) == 0x100), ERROR: Pico second stage bootloader must be 256 bytes in size)

.text           0x0000000010000100     0x4760
                0x0000000010000100                __logical_binary_start = .
 *(.vectors)
 .vectors       0x0000000010000100       0xd4 CMakeFiles/project2.dir/Users/dylan/Library/pico/pico-sdk/src/rp2_common/pico_standard_link/crt0.S.obj
                0x0000000010000100                __vectors
                0x00000000100001c0                isr_invalid
                0x00000000100001c2                isr_nmi
                0x00000000100001c4                isr_hardfault
                0x00000000100001c6                isr_svcall
                0x00000000100001c8                isr_pendsv
                0x00000000100001ca                isr_systick
                0x00000000100001cc                isr_irq23
                0x00000000100001cc                isr_irq18
                0x00000000100001cc                isr_irq28
                0x00000000100001cc                isr_irq19
                0x00000000100001cc                isr_irq0
                0x00000000100001cc                isr_irq6
                0x00000000100001cc                isr_irq22
                0x00000000100001cc                isr_irq17
                0x00000000100001cc                isr_irq14
                0x00000000100001cc                isr_irq2
                0x00000000100001cc                isr_irq10
                0x00000000100001cc                isr_irq8
                0x00000000100001cc                isr_irq24
                0x00000000100001cc                isr_irq1
                0x00000000100001cc                isr_irq7
                0x00000000100001cc                isr_irq21
                0x00000000100001cc                isr_irq20
                0x00000000100001cc                isr_irq15
                0x00000000100001cc                isr_irq25
                0x00000000100001cc                isr_irq4
                0x00000000100001cc                isr_irq16
                0x00000000100001cc                isr_irq29
                0x00000000100001cc                isr_irq26
                0x00000000100001cc                isr_irq3
                0x00000000100001cc                isr_irq9
                0x00000000100001cc                __unhandled_user_irq
                0x00000000100001cc                isr_irq13
                0x00000000100001cc                isr_irq27
                0x00000000100001cc                isr_irq31
                0x00000000100001cc                isr_irq5
                0x00000000100001cc                isr_irq11
                0x00000000100001cc                isr_irq30
                0x00000000100001cc                isr_irq12
                0x00000000100001d2                unhandled_user_irq_num_in_r0
 *(.binary_info_header)
 .binary_info_header
                0x00000000100001d4       0x14 CMakeFiles/project2.dir/Users/dylan/Library/pico/pico-sdk/src/rp2_common/pico_standard_link/crt0.S.obj
                0x00000000100001e8                __binary_info_header_end = .
 *(.reset)
 .reset         0x00000000100001e8       0xa8 CMakeFiles/project2.dir/Users/dylan/Library/pico/pico-sdk/src/rp2_common/pico_standard_link/crt0.S.obj
                0x00000000100001e8                _entry_point
                0x0000000010000266                __get_current_exception
 .reset         0x0000000010000290       0x30 CMakeFiles/project2.dir/Users/dylan/Library/pico/pico-sdk/src/rp2_common/pico_standard_link/binary_info.c.obj
 *(.init)
 .init          0x00000000100002c0        0x4 /usr/local/Cellar/arm-none-eabi-gcc/9-2019-q4-major/gcc/bin/../lib/gcc/arm-none-eabi/9.2.1/thumb/v6-m/nofp/crti.o
                0x00000000100002c0                _init
 *(EXCLUDE_FILE(*libm.a: *libc.a:*lib_a-mem*.o *libgcc.a:) .text*)
 .text          0x00000000100002c4       0x48 /usr/local/Cellar/arm-none-eabi-gcc/9-2019-q4-major/gcc/bin/../lib/gcc/arm-none-eabi/9.2.1/thumb/v6-m/nofp/crtbegin.o
 .text.main     0x000000001000030c       0x2c CMakeFiles/project2.dir/project2.c.obj
                0x000000001000030c                main
 .text.gpio_set_function
                0x0000000010000338       0x30 CMakeFiles/project2.dir/Users/dylan/Library/pico/pico-sdk/src/rp2_common/hardware_gpio/gpio.c.obj
                0x0000000010000338                gpio_set_function
 .text.gpio_init
                0x0000000010000368       0x16 CMakeFiles/project2.dir/Users/dylan/Library/pico/pico-sdk/src/rp2_common/hardware_gpio/gpio.c.obj
                0x0000000010000368                gpio_init
 *fill*         0x000000001000037e        0x2 
 .text.hw_claim_lock
                0x0000000010000380       0x18 CMakeFiles/project2.dir/Users/dylan/Library/pico/pico-sdk/src/rp2_common/hardware_claim/claim.c.obj
                0x0000000010000380                hw_claim_lock
 .text.hw_claim_unlock
                0x0000000010000398       0x14 CMakeFiles/project2.dir/Users/dylan/Library/pico/pico-sdk/src/rp2_common/hardware_claim/claim.c.obj
                0x0000000010000398                hw_claim_unlock
 .text.hw_claim_or_assert
                0x00000000100003ac       0x34 CMakeFiles/project2.dir/Users/dylan/Library/pico/pico-sdk/src/rp2_common/hardware_claim/claim.c.obj
                0x00000000100003ac                hw_claim_or_assert
 .text.spin_locks_reset
                0x00000000100003e0       0x20 CMakeFiles/project2.dir/Users/dylan/Library/pico/pico-sdk/src/rp2_common/hardware_sync/sync.c.obj
                0x00000000100003e0                spin_locks_reset
 .text.next_striped_spin_lock_num
                0x0000000010000400       0x1c CMakeFiles/project2.dir/Users/dylan/Library/pico/pico-sdk/src/rp2_common/hardware_sync/sync.c.obj
                0x0000000010000400                next_striped_spin_lock_num
 .text.running_on_fpga
                0x000000001000041c       0x14 CMakeFiles/project2.dir/Users/dylan/Library/pico/pico-sdk/src/rp2_common/pico_platform/platform.c.obj
                0x000000001000041c                running_on_fpga
 .text.sev_callback
                0x0000000010000430        0x8 CMakeFiles/project2.dir/Users/dylan/Library/pico/pico-sdk/src/common/pico_time/time.c.obj
 .text.timer_pool_entry_comparator
                0x0000000010000438       0x7c CMakeFiles/project2.dir/Users/dylan/Library/pico/pico-sdk/src/common/pico_time/time.c.obj
                0x0000000010000438                timer_pool_entry_comparator
 .text.ph_add_child_node
                0x00000000100004b4       0xa4 CMakeFiles/project2.dir/Users/dylan/Library/pico/pico-sdk/src/common/pico_time/time.c.obj
 .text.ph_merge_nodes
                0x0000000010000558       0x3e CMakeFiles/project2.dir/Users/dylan/Library/pico/pico-sdk/src/common/pico_time/time.c.obj
 *fill*         0x0000000010000596        0x2 
 .text.add_alarm_under_lock
                0x0000000010000598      0x178 CMakeFiles/project2.dir/Users/dylan/Library/pico/pico-sdk/src/common/pico_time/time.c.obj
 .text.alarm_pool_alarm_callback
                0x0000000010000710      0x2e8 CMakeFiles/project2.dir/Users/dylan/Library/pico/pico-sdk/src/common/pico_time/time.c.obj
 .text.alarm_pool_get_default
                0x00000000100009f8       0x28 CMakeFiles/project2.dir/Users/dylan/Library/pico/pico-sdk/src/common/pico_time/time.c.obj
                0x00000000100009f8                alarm_pool_get_default
 .text.alarm_pool_create
                0x0000000010000a20       0x6c CMakeFiles/project2.dir/Users/dylan/Library/pico/pico-sdk/src/common/pico_time/time.c.obj
                0x0000000010000a20                alarm_pool_create
 .text.alarm_pool_init_default
                0x0000000010000a8c       0x20 CMakeFiles/project2.dir/Users/dylan/Library/pico/pico-sdk/src/common/pico_time/time.c.obj
                0x0000000010000a8c                alarm_pool_init_default
 .text.alarm_pool_add_alarm_at
                0x0000000010000aac      0x12c CMakeFiles/project2.dir/Users/dylan/Library/pico/pico-sdk/src/common/pico_time/time.c.obj
                0x0000000010000aac                alarm_pool_add_alarm_at
 .text.sleep_until
                0x0000000010000bd8       0x94 CMakeFiles/project2.dir/Users/dylan/Library/pico/pico-sdk/src/common/pico_time/time.c.obj
                0x0000000010000bd8                sleep_until
 .text.sleep_us
                0x0000000010000c6c       0x2c CMakeFiles/project2.dir/Users/dylan/Library/pico/pico-sdk/src/common/pico_time/time.c.obj
                0x0000000010000c6c                sleep_us
 .text.sleep_ms
                0x0000000010000c98       0x14 CMakeFiles/project2.dir/Users/dylan/Library/pico/pico-sdk/src/common/pico_time/time.c.obj
                0x0000000010000c98                sleep_ms
 .text.hardware_alarm_irq_handler
                0x0000000010000cac       0x8c CMakeFiles/project2.dir/Users/dylan/Library/pico/pico-sdk/src/rp2_common/hardware_timer/timer.c.obj
 .text.hardware_alarm_claim
                0x0000000010000d38       0x18 CMakeFiles/project2.dir/Users/dylan/Library/pico/pico-sdk/src/rp2_common/hardware_timer/timer.c.obj
                0x0000000010000d38                hardware_alarm_claim
 .text.time_us_64
                0x0000000010000d50       0x18 CMakeFiles/project2.dir/Users/dylan/Library/pico/pico-sdk/src/rp2_common/hardware_timer/timer.c.obj
                0x0000000010000d50                time_us_64
 .text.busy_wait_until
                0x0000000010000d68       0x24 CMakeFiles/project2.dir/Users/dylan/Library/pico/pico-sdk/src/rp2_common/hardware_timer/timer.c.obj
                0x0000000010000d68                busy_wait_until
 .text.hardware_alarm_set_callback
                0x0000000010000d8c       0x90 CMakeFiles/project2.dir/Users/dylan/Library/pico/pico-sdk/src/rp2_common/hardware_timer/timer.c.obj
                0x0000000010000d8c                hardware_alarm_set_callback
 .text.hardware_alarm_set_target
                0x0000000010000e1c       0xd0 CMakeFiles/project2.dir/Users/dylan/Library/pico/pico-sdk/src/rp2_common/hardware_timer/timer.c.obj
                0x0000000010000e1c                hardware_alarm_set_target
 .text.hardware_alarm_cancel
                0x0000000010000eec       0x40 CMakeFiles/project2.dir/Users/dylan/Library/pico/pico-sdk/src/rp2_common/hardware_timer/timer.c.obj
                0x0000000010000eec                hardware_alarm_cancel
 .text.lock_init
                0x0000000010000f2c       0x30 CMakeFiles/project2.dir/Users/dylan/Library/pico/pico-sdk/src/common/pico_sync/lock_core.c.obj
                0x0000000010000f2c                lock_init
 .text.mutex_init
                0x0000000010000f5c       0x1a CMakeFiles/project2.dir/Users/dylan/Library/pico/pico-sdk/src/common/pico_sync/mutex.c.obj
                0x0000000010000f5c                mutex_init
 *fill*         0x0000000010000f76        0x2 
 .text.ph_add_child_node
                0x0000000010000f78       0xa4 CMakeFiles/project2.dir/Users/dylan/Library/pico/pico-sdk/src/common/pico_util/pheap.c.obj
 .text.ph_merge_nodes
                0x000000001000101c       0x3e CMakeFiles/project2.dir/Users/dylan/Library/pico/pico-sdk/src/common/pico_util/pheap.c.obj
 *fill*         0x000000001000105a        0x2 
 .text.ph_clear
                0x000000001000105c       0x74 CMakeFiles/project2.dir/Users/dylan/Library/pico/pico-sdk/src/common/pico_util/pheap.c.obj
                0x000000001000105c                ph_clear
 .text.ph_create
                0x00000000100010d0       0x2c CMakeFiles/project2.dir/Users/dylan/Library/pico/pico-sdk/src/common/pico_util/pheap.c.obj
                0x00000000100010d0                ph_create
 .text.ph_merge_two_pass
                0x00000000100010fc       0xa8 CMakeFiles/project2.dir/Users/dylan/Library/pico/pico-sdk/src/common/pico_util/pheap.c.obj
                0x00000000100010fc                ph_merge_two_pass
 .text.ph_remove_any_head
                0x00000000100011a4      0x108 CMakeFiles/project2.dir/Users/dylan/Library/pico/pico-sdk/src/common/pico_util/pheap.c.obj
 .text.ph_remove_head_reserve
                0x00000000100012ac       0x14 CMakeFiles/project2.dir/Users/dylan/Library/pico/pico-sdk/src/common/pico_util/pheap.c.obj
                0x00000000100012ac                ph_remove_head_reserve
 .text.ph_delete
                0x00000000100012c0       0xf8 CMakeFiles/project2.dir/Users/dylan/Library/pico/pico-sdk/src/common/pico_util/pheap.c.obj
                0x00000000100012c0                ph_delete
 .text.runtime_init
                0x00000000100013b8       0xcc CMakeFiles/project2.dir/Users/dylan/Library/pico/pico-sdk/src/rp2_common/pico_runtime/runtime.c.obj
                0x00000000100013b8                runtime_init
 .text._exit    0x0000000010001484        0x4 CMakeFiles/project2.dir/Users/dylan/Library/pico/pico-sdk/src/rp2_common/pico_runtime/runtime.c.obj
                0x0000000010001484                _exit
 .text._sbrk    0x0000000010001488       0x38 CMakeFiles/project2.dir/Users/dylan/Library/pico/pico-sdk/src/rp2_common/pico_runtime/runtime.c.obj
                0x0000000010001488                _sbrk
 .text.exit     0x00000000100014c0        0x6 CMakeFiles/project2.dir/Users/dylan/Library/pico/pico-sdk/src/rp2_common/pico_runtime/runtime.c.obj
                0x00000000100014c0                exit
 *fill*         0x00000000100014c6        0x2 
 .text.__assert_func
                0x00000000100014c8       0x3c CMakeFiles/project2.dir/Users/dylan/Library/pico/pico-sdk/src/rp2_common/pico_runtime/runtime.c.obj
                0x00000000100014c8                __assert_func
 .text.panic    0x0000000010001504       0x30 CMakeFiles/project2.dir/Users/dylan/Library/pico/pico-sdk/src/rp2_common/pico_runtime/runtime.c.obj
                0x0000000010001504                panic
 .text.clock_configure
                0x0000000010001534       0xe8 CMakeFiles/project2.dir/Users/dylan/Library/pico/pico-sdk/src/rp2_common/hardware_clocks/clocks.c.obj
                0x0000000010001534                clock_configure
 .text.clocks_init
                0x000000001000161c      0x124 CMakeFiles/project2.dir/Users/dylan/Library/pico/pico-sdk/src/rp2_common/hardware_clocks/clocks.c.obj
                0x000000001000161c                clocks_init
 .text.watchdog_start_tick
                0x0000000010001740       0x10 CMakeFiles/project2.dir/Users/dylan/Library/pico/pico-sdk/src/rp2_common/hardware_watchdog/watchdog.c.obj
                0x0000000010001740                watchdog_start_tick
 .text.xosc_init
                0x0000000010001750       0x28 CMakeFiles/project2.dir/Users/dylan/Library/pico/pico-sdk/src/rp2_common/hardware_xosc/xosc.c.obj
                0x0000000010001750                xosc_init
 .text.pll_init
                0x0000000010001778       0xd4 CMakeFiles/project2.dir/Users/dylan/Library/pico/pico-sdk/src/rp2_common/hardware_pll/pll.c.obj
                0x0000000010001778                pll_init
 .text.set_raw_irq_handler_and_unlock
                0x000000001000184c       0x28 CMakeFiles/project2.dir/Users/dylan/Library/pico/pico-sdk/src/rp2_common/hardware_irq/irq.c.obj
 .text.make_branch
                0x0000000010001874       0x34 CMakeFiles/project2.dir/Users/dylan/Library/pico/pico-sdk/src/rp2_common/hardware_irq/irq.c.obj
 .text.insert_branch_and_link
                0x00000000100018a8       0x40 CMakeFiles/project2.dir/Users/dylan/Library/pico/pico-sdk/src/rp2_common/hardware_irq/irq.c.obj
 .text.irq_is_enabled
                0x00000000100018e8       0x18 CMakeFiles/project2.dir/Users/dylan/Library/pico/pico-sdk/src/rp2_common/hardware_irq/irq.c.obj
                0x00000000100018e8                irq_is_enabled
 .text.irq_set_mask_enabled
                0x0000000010001900       0x20 CMakeFiles/project2.dir/Users/dylan/Library/pico/pico-sdk/src/rp2_common/hardware_irq/irq.c.obj
                0x0000000010001900                irq_set_mask_enabled
 .text.irq_set_enabled
                0x0000000010001920        0xe CMakeFiles/project2.dir/Users/dylan/Library/pico/pico-sdk/src/rp2_common/hardware_irq/irq.c.obj
                0x0000000010001920                irq_set_enabled
 *fill*         0x000000001000192e        0x2 
 .text.irq_get_vtable_handler
                0x0000000010001930       0x10 CMakeFiles/project2.dir/Users/dylan/Library/pico/pico-sdk/src/rp2_common/hardware_irq/irq.c.obj
                0x0000000010001930                irq_get_vtable_handler
 .text.irq_set_exclusive_handler
                0x0000000010001940       0x54 CMakeFiles/project2.dir/Users/dylan/Library/pico/pico-sdk/src/rp2_common/hardware_irq/irq.c.obj
                0x0000000010001940                irq_set_exclusive_handler
 .text.irq_remove_handler
                0x0000000010001994      0x1b4 CMakeFiles/project2.dir/Users/dylan/Library/pico/pico-sdk/src/rp2_common/hardware_irq/irq.c.obj
                0x0000000010001994                irq_remove_handler
 .text.irq_set_priority
                0x0000000010001b48       0x28 CMakeFiles/project2.dir/Users/dylan/Library/pico/pico-sdk/src/rp2_common/hardware_irq/irq.c.obj
                0x0000000010001b48                irq_set_priority
 .text.irq_add_tail_to_free_list
                0x0000000010001b70       0xf8 CMakeFiles/project2.dir/Users/dylan/Library/pico/pico-sdk/src/rp2_common/hardware_irq/irq.c.obj
                0x0000000010001b70                irq_add_tail_to_free_list
 .text.irq_init_priorities
                0x0000000010001c68       0x16 CMakeFiles/project2.dir/Users/dylan/Library/pico/pico-sdk/src/rp2_common/hardware_irq/irq.c.obj
                0x0000000010001c68                irq_init_priorities
 .text._out_null
                0x0000000010001c7e        0x2 CMakeFiles/project2.dir/Users/dylan/Library/pico/pico-sdk/src/rp2_common/pico_printf/printf.c.obj
 .text._out_fct
                0x0000000010001c80        0xe CMakeFiles/project2.dir/Users/dylan/Library/pico/pico-sdk/src/rp2_common/pico_printf/printf.c.obj
 .text._atoi    0x0000000010001c8e       0x24 CMakeFiles/project2.dir/Users/dylan/Library/pico/pico-sdk/src/rp2_common/pico_printf/printf.c.obj
 .text._out_rev
                0x0000000010001cb2       0xae CMakeFiles/project2.dir/Users/dylan/Library/pico/pico-sdk/src/rp2_common/pico_printf/printf.c.obj
 .text._ntoa_format
                0x0000000010001d60      0x110 CMakeFiles/project2.dir/Users/dylan/Library/pico/pico-sdk/src/rp2_common/pico_printf/printf.c.obj
 .text._ntoa_long
                0x0000000010001e70       0xbc CMakeFiles/project2.dir/Users/dylan/Library/pico/pico-sdk/src/rp2_common/pico_printf/printf.c.obj
 .text._ntoa_long_long
                0x0000000010001f2c       0xe2 CMakeFiles/project2.dir/Users/dylan/Library/pico/pico-sdk/src/rp2_common/pico_printf/printf.c.obj
 *fill*         0x000000001000200e        0x2 
 .text._etoa    0x0000000010002010      0x3f4 CMakeFiles/project2.dir/Users/dylan/Library/pico/pico-sdk/src/rp2_common/pico_printf/printf.c.obj
 .text._ftoa    0x0000000010002404      0x354 CMakeFiles/project2.dir/Users/dylan/Library/pico/pico-sdk/src/rp2_common/pico_printf/printf.c.obj
 .text._vsnprintf
                0x0000000010002758      0x628 CMakeFiles/project2.dir/Users/dylan/Library/pico/pico-sdk/src/rp2_common/pico_printf/printf.c.obj
 .text.vfctprintf
                0x0000000010002d80       0x20 CMakeFiles/project2.dir/Users/dylan/Library/pico/pico-sdk/src/rp2_common/pico_printf/printf.c.obj
                0x0000000010002d80                vfctprintf
 .text          0x0000000010002da0       0x10 CMakeFiles/project2.dir/Users/dylan/Library/pico/pico-sdk/src/rp2_common/pico_bit_ops/bit_ops_aeabi.S.obj
 .text.rom_func_lookup
                0x0000000010002db0       0x10 CMakeFiles/project2.dir/Users/dylan/Library/pico/pico-sdk/src/rp2_common/pico_bootrom/bootrom.c.obj
                0x0000000010002db0                rom_func_lookup
 .text.rom_data_lookup
                0x0000000010002dc0       0x10 CMakeFiles/project2.dir/Users/dylan/Library/pico/pico-sdk/src/rp2_common/pico_bootrom/bootrom.c.obj
                0x0000000010002dc0                rom_data_lookup
 .text.rom_funcs_lookup
                0x0000000010002dd0       0x36 CMakeFiles/project2.dir/Users/dylan/Library/pico/pico-sdk/src/rp2_common/pico_bootrom/bootrom.c.obj
                0x0000000010002dd0                rom_funcs_lookup
 *fill*         0x0000000010002e06        0x2 
 .text.__wrap___aeabi_idiv
                0x0000000010002e08       0x58 CMakeFiles/project2.dir/Users/dylan/Library/pico/pico-sdk/src/rp2_common/pico_divider/divider.S.obj
                0x0000000010002e08                __wrap___aeabi_idivmod
                0x0000000010002e08                divmod_s32s32
                0x0000000010002e08                div_s32s32
                0x0000000010002e08                __wrap___aeabi_idiv
                0x0000000010002e10                divmod_s32s32_unsafe
                0x0000000010002e3c                divmod_s32s32_savestate
 .text.__wrap___aeabi_uidiv
                0x0000000010002e60       0x54 CMakeFiles/project2.dir/Users/dylan/Library/pico/pico-sdk/src/rp2_common/pico_divider/divider.S.obj
                0x0000000010002e60                __wrap___aeabi_uidiv
                0x0000000010002e60                __wrap___aeabi_uidivmod
                0x0000000010002e60                div_u32u32
                0x0000000010002e60                divmod_u32u32
                0x0000000010002e68                divmod_u32u32_unsafe
                0x0000000010002e90                divmod_u32u32_savestate
 .text.__wrap___aeabi_ldiv
                0x0000000010002eb4      0x430 CMakeFiles/project2.dir/Users/dylan/Library/pico/pico-sdk/src/rp2_common/pico_divider/divider.S.obj
                0x0000000010002eb4                __wrap___aeabi_ldivmod
                0x0000000010002eb4                div_s64s64
                0x0000000010002eb4                divmod_s64s64
                0x0000000010002eec                divmod_u64u64
                0x0000000010002eec                div_u64u64
                0x0000000010002eec                __wrap___aeabi_uldivmod
                0x0000000010002efc                divmod_u64u64_savestate
                0x0000000010002f24                divmod_s64s64_unsafe
                0x0000000010002fac                divmod_u64u64_unsafe
 .text.__wrap___aeabi_darithmetic
                0x00000000100032e4       0x54 CMakeFiles/project2.dir/Users/dylan/Library/pico/pico-sdk/src/rp2_common/pico_double/double_aeabi.S.obj
                0x00000000100032e4                __wrap___aeabi_drsub
                0x00000000100032ea                __wrap___aeabi_dsub
                0x00000000100032fc                __wrap___aeabi_dadd
                0x000000001000330e                __wrap___aeabi_ddiv
                0x0000000010003320                __wrap___aeabi_dmul
 .text.__wrap___aeabi_cdcmple
                0x0000000010003338       0x6c CMakeFiles/project2.dir/Users/dylan/Library/pico/pico-sdk/src/rp2_common/pico_double/double_aeabi.S.obj
                0x0000000010003338                __wrap___aeabi_cdrcmple
                0x0000000010003348                __wrap___aeabi_cdcmple
                0x0000000010003348                __wrap___aeabi_cdcmpeq
 .text.__wrap___aeabi_dcmplt
                0x00000000100033a4        0xc CMakeFiles/project2.dir/Users/dylan/Library/pico/pico-sdk/src/rp2_common/pico_double/double_aeabi.S.obj
                0x00000000100033a4                __wrap___aeabi_dcmplt
 .text.__wrap___aeabi_dcmple
                0x00000000100033b0       0x10 CMakeFiles/project2.dir/Users/dylan/Library/pico/pico-sdk/src/rp2_common/pico_double/double_aeabi.S.obj
                0x00000000100033b0                __wrap___aeabi_dcmple
 .text.__wrap___aeabi_dcmpge
                0x00000000100033c0       0x10 CMakeFiles/project2.dir/Users/dylan/Library/pico/pico-sdk/src/rp2_common/pico_double/double_aeabi.S.obj
                0x00000000100033c0                __wrap___aeabi_dcmpge
 .text.__wrap___aeabi_dcmpgt
                0x00000000100033d0        0xa CMakeFiles/project2.dir/Users/dylan/Library/pico/pico-sdk/src/rp2_common/pico_double/double_aeabi.S.obj
                0x00000000100033d0                __wrap___aeabi_dcmpgt
 .text.__wrap___aeabi_dcmpun
                0x00000000100033da       0x1c CMakeFiles/project2.dir/Users/dylan/Library/pico/pico-sdk/src/rp2_common/pico_double/double_aeabi.S.obj
                0x00000000100033da                __wrap___aeabi_dcmpun
 *fill*         0x00000000100033f6        0x2 
 .text.__wrap___aeabi_i2d
                0x00000000100033f8       0x38 CMakeFiles/project2.dir/Users/dylan/Library/pico/pico-sdk/src/rp2_common/pico_double/double_aeabi.S.obj
                0x00000000100033f8                __wrap___aeabi_ui2d
                0x0000000010003400                __wrap___aeabi_i2d
 .text.__wrap___aeabi_d2iz
                0x0000000010003430       0x48 CMakeFiles/project2.dir/Users/dylan/Library/pico/pico-sdk/src/rp2_common/pico_double/double_aeabi.S.obj
                0x0000000010003430                __wrap___aeabi_d2iz
                0x0000000010003430                double2int_z
 .text.__wrap___aeabi_d2uiz
                0x0000000010003478       0x18 CMakeFiles/project2.dir/Users/dylan/Library/pico/pico-sdk/src/rp2_common/pico_double/double_aeabi.S.obj
                0x0000000010003478                double2uint
                0x0000000010003478                __wrap___aeabi_d2uiz
 .text.__aeabi_double_init
                0x0000000010003490       0xb4 CMakeFiles/project2.dir/Users/dylan/Library/pico/pico-sdk/src/rp2_common/pico_double/double_init_rom.c.obj
                0x0000000010003490                __aeabi_double_init
 .text.double_table_shim_on_use_helper
                0x0000000010003544       0x34 CMakeFiles/project2.dir/Users/dylan/Library/pico/pico-sdk/src/rp2_common/pico_double/double_v1_rom_shim.S.obj
                0x0000000010003544                double_table_shim_on_use_helper
 .text.__wrap___aeabi_dsub
                0x0000000010003578       0x10 CMakeFiles/project2.dir/Users/dylan/Library/pico/pico-sdk/src/rp2_common/pico_double/double_v1_rom_shim.S.obj
                0x0000000010003578                drsub_shim
                0x000000001000357e                dsub_shim
 .text.dadd_shim
                0x0000000010003588      0x15c CMakeFiles/project2.dir/Users/dylan/Library/pico/pico-sdk/src/rp2_common/pico_double/double_v1_rom_shim.S.obj
                0x0000000010003588                dadd_shim
 .text.dmul_shim
                0x00000000100036e4      0x15c CMakeFiles/project2.dir/Users/dylan/Library/pico/pico-sdk/src/rp2_common/pico_double/double_v1_rom_shim.S.obj
                0x00000000100036e4                dmul_shim
 .text.ddiv_shim
                0x0000000010003840      0x1b0 CMakeFiles/project2.dir/Users/dylan/Library/pico/pico-sdk/src/rp2_common/pico_double/double_v1_rom_shim.S.obj
                0x0000000010003840                ddiv_shim
 .text.dcordic_rot_step
                0x00000000100039f0       0x7c CMakeFiles/project2.dir/Users/dylan/Library/pico/pico-sdk/src/rp2_common/pico_double/double_v1_rom_shim.S.obj
                0x00000000100039f0                dcordic_rot_step
 .text.double2uint_shim
                0x0000000010003a6c        0xe CMakeFiles/project2.dir/Users/dylan/Library/pico/pico-sdk/src/rp2_common/pico_double/double_v1_rom_shim.S.obj
                0x0000000010003a6c                double2uint_shim
                0x0000000010003a6e                double2ufix_shim
 *fill*         0x0000000010003a7a        0x2 
 .text.double2uint64_shim
                0x0000000010003a7c       0x6c CMakeFiles/project2.dir/Users/dylan/Library/pico/pico-sdk/src/rp2_common/pico_double/double_v1_rom_shim.S.obj
                0x0000000010003a7c                double2uint64_shim
                0x0000000010003a7e                double2ufix64_shim
                0x0000000010003a98                d2fix_a
 .text.dunpacks
                0x0000000010003ae8       0x3c CMakeFiles/project2.dir/Users/dylan/Library/pico/pico-sdk/src/rp2_common/pico_double/double_v1_rom_shim.S.obj
                0x0000000010003ae8                dunpacks
 .text.__aeabi_lmul
                0x0000000010003b24       0x32 CMakeFiles/project2.dir/Users/dylan/Library/pico/pico-sdk/src/rp2_common/pico_int64_ops/pico_int64_ops_aeabi.S.obj
                0x0000000010003b24                __wrap___aeabi_lmul
 *fill*         0x0000000010003b56        0x2 
 .text.__aeabi_float_init
                0x0000000010003b58       0xfc CMakeFiles/project2.dir/Users/dylan/Library/pico/pico-sdk/src/rp2_common/pico_float/float_init_rom.c.obj
                0x0000000010003b58                __aeabi_float_init
 .text.float_table_shim_on_use_helper
                0x0000000010003c54       0x34 CMakeFiles/project2.dir/Users/dylan/Library/pico/pico-sdk/src/rp2_common/pico_float/float_v1_rom_shim.S.obj
                0x0000000010003c54                float_table_shim_on_use_helper
 .text.__wrap_malloc
                0x0000000010003c88        0x8 CMakeFiles/project2.dir/Users/dylan/Library/pico/pico-sdk/src/rp2_common/pico_malloc/pico_malloc.c.obj
                0x0000000010003c88                __wrap_malloc
 .text.__wrap_calloc
                0x0000000010003c90        0x8 CMakeFiles/project2.dir/Users/dylan/Library/pico/pico-sdk/src/rp2_common/pico_malloc/pico_malloc.c.obj
                0x0000000010003c90                __wrap_calloc
 .text          0x0000000010003c98       0x10 CMakeFiles/project2.dir/Users/dylan/Library/pico/pico-sdk/src/rp2_common/pico_mem_ops/mem_ops_aeabi.S.obj
                0x0000000010003c98                __aeabi_mem_init
 .text.memset   0x0000000010003ca8        0xc CMakeFiles/project2.dir/Users/dylan/Library/pico/pico-sdk/src/rp2_common/pico_mem_ops/mem_ops_aeabi.S.obj
                0x0000000010003ca8                __wrap_memset
 .text.memcpy   0x0000000010003cb4        0xc CMakeFiles/project2.dir/Users/dylan/Library/pico/pico-sdk/src/rp2_common/pico_mem_ops/mem_ops_aeabi.S.obj
                0x0000000010003cb4                __wrap___aeabi_memcpy
                0x0000000010003cb4                __wrap_memcpy
 .text.stdio_out_chars_crlf
                0x0000000010003cc0       0x80 CMakeFiles/project2.dir/Users/dylan/Library/pico/pico-sdk/src/rp2_common/pico_stdio/stdio.c.obj
 .text.stdio_stack_buffer_flush
                0x0000000010003d40       0x44 CMakeFiles/project2.dir/Users/dylan/Library/pico/pico-sdk/src/rp2_common/pico_stdio/stdio.c.obj
 .text.stdio_buffered_printer
                0x0000000010003d84       0x20 CMakeFiles/project2.dir/Users/dylan/Library/pico/pico-sdk/src/rp2_common/pico_stdio/stdio.c.obj
 .text.stdout_serialize_begin
                0x0000000010003da4       0x2c CMakeFiles/project2.dir/Users/dylan/Library/pico/pico-sdk/src/rp2_common/pico_stdio/stdio.c.obj
                0x0000000010003da4                stdout_serialize_begin
 .text.stdout_serialize_end
                0x0000000010003dd0       0x10 CMakeFiles/project2.dir/Users/dylan/Library/pico/pico-sdk/src/rp2_common/pico_stdio/stdio.c.obj
                0x0000000010003dd0                stdout_serialize_end
 .text.stdio_put_string
                0x0000000010003de0       0x84 CMakeFiles/project2.dir/Users/dylan/Library/pico/pico-sdk/src/rp2_common/pico_stdio/stdio.c.obj
 .text.stdio_flush
                0x0000000010003e64       0x20 CMakeFiles/project2.dir/Users/dylan/Library/pico/pico-sdk/src/rp2_common/pico_stdio/stdio.c.obj
                0x0000000010003e64                stdio_flush
 .text.__wrap_puts
                0x0000000010003e84       0x1c CMakeFiles/project2.dir/Users/dylan/Library/pico/pico-sdk/src/rp2_common/pico_stdio/stdio.c.obj
                0x0000000010003e84                __wrap_puts
 .text.__wrap_vprintf
                0x0000000010003ea0       0x44 CMakeFiles/project2.dir/Users/dylan/Library/pico/pico-sdk/src/rp2_common/pico_stdio/stdio.c.obj
                0x0000000010003ea0                __wrap_vprintf
 .text.__wrap_printf
                0x0000000010003ee4       0x18 CMakeFiles/project2.dir/Users/dylan/Library/pico/pico-sdk/src/rp2_common/pico_stdio/stdio.c.obj
                0x0000000010003ee4                __wrap_printf
 .text.calloc   0x0000000010003efc       0x18 /usr/local/Cellar/arm-none-eabi-gcc/9-2019-q4-major/gcc/bin/../lib/gcc/arm-none-eabi/9.2.1/../../../../arm-none-eabi/lib/thumb/v6-m/nofp/libg.a(lib_a-calloc.o)
                0x0000000010003efc                calloc
 .text._calloc_r
                0x0000000010003f14       0x5c /usr/local/Cellar/arm-none-eabi-gcc/9-2019-q4-major/gcc/bin/../lib/gcc/arm-none-eabi/9.2.1/../../../../arm-none-eabi/lib/thumb/v6-m/nofp/libg.a(lib_a-callocr.o)
                0x0000000010003f14                _calloc_r
 .text.malloc   0x0000000010003f70       0x14 /usr/local/Cellar/arm-none-eabi-gcc/9-2019-q4-major/gcc/bin/../lib/gcc/arm-none-eabi/9.2.1/../../../../arm-none-eabi/lib/thumb/v6-m/nofp/libg.a(lib_a-malloc.o)
                0x0000000010003f70                malloc
 .text._malloc_r
                0x0000000010003f84      0x580 /usr/local/Cellar/arm-none-eabi-gcc/9-2019-q4-major/gcc/bin/../lib/gcc/arm-none-eabi/9.2.1/../../../../arm-none-eabi/lib/thumb/v6-m/nofp/libg.a(lib_a-mallocr.o)
                0x0000000010003f84                _malloc_r
 .text.__malloc_lock
                0x0000000010004504       0x10 /usr/local/Cellar/arm-none-eabi-gcc/9-2019-q4-major/gcc/bin/../lib/gcc/arm-none-eabi/9.2.1/../../../../arm-none-eabi/lib/thumb/v6-m/nofp/libg.a(lib_a-mlock.o)
                0x0000000010004504                __malloc_lock
 .text.__malloc_unlock
                0x0000000010004514       0x10 /usr/local/Cellar/arm-none-eabi-gcc/9-2019-q4-major/gcc/bin/../lib/gcc/arm-none-eabi/9.2.1/../../../../arm-none-eabi/lib/thumb/v6-m/nofp/libg.a(lib_a-mlock.o)
                0x0000000010004514                __malloc_unlock
 .text._sbrk_r  0x0000000010004524       0x24 /usr/local/Cellar/arm-none-eabi-gcc/9-2019-q4-major/gcc/bin/../lib/gcc/arm-none-eabi/9.2.1/../../../../arm-none-eabi/lib/thumb/v6-m/nofp/libg.a(lib_a-sbrkr.o)
                0x0000000010004524                _sbrk_r
 .text.strlen   0x0000000010004548       0x5c /usr/local/Cellar/arm-none-eabi-gcc/9-2019-q4-major/gcc/bin/../lib/gcc/arm-none-eabi/9.2.1/../../../../arm-none-eabi/lib/thumb/v6-m/nofp/libg.a(lib_a-strlen-stub.o)
                0x0000000010004548                strlen
 .text._malloc_trim_r
                0x00000000100045a4       0x9c /usr/local/Cellar/arm-none-eabi-gcc/9-2019-q4-major/gcc/bin/../lib/gcc/arm-none-eabi/9.2.1/../../../../arm-none-eabi/lib/thumb/v6-m/nofp/libg.a(lib_a-freer.o)
                0x00000000100045a4                _malloc_trim_r
 .text._free_r  0x0000000010004640      0x1c4 /usr/local/Cellar/arm-none-eabi-gcc/9-2019-q4-major/gcc/bin/../lib/gcc/arm-none-eabi/9.2.1/../../../../arm-none-eabi/lib/thumb/v6-m/nofp/libg.a(lib_a-freer.o)
                0x0000000010004640                _free_r
 .text.__retarget_lock_acquire_recursive
                0x0000000010004804        0x4 /usr/local/Cellar/arm-none-eabi-gcc/9-2019-q4-major/gcc/bin/../lib/gcc/arm-none-eabi/9.2.1/../../../../arm-none-eabi/lib/thumb/v6-m/nofp/libg.a(lib_a-lock.o)
                0x0000000010004804                __retarget_lock_acquire_recursive
 .text.__retarget_lock_release_recursive
                0x0000000010004808        0x4 /usr/local/Cellar/arm-none-eabi-gcc/9-2019-q4-major/gcc/bin/../lib/gcc/arm-none-eabi/9.2.1/../../../../arm-none-eabi/lib/thumb/v6-m/nofp/libg.a(lib_a-lock.o)
                0x0000000010004808                __retarget_lock_release_recursive
 *(.fini)
 .fini          0x000000001000480c        0x4 /usr/local/Cellar/arm-none-eabi-gcc/9-2019-q4-major/gcc/bin/../lib/gcc/arm-none-eabi/9.2.1/thumb/v6-m/nofp/crti.o
                0x000000001000480c                _fini
 .fini.__stub   0x0000000010004810       0x50 linker stubs
 *crtbegin.o(.ctors)
 *crtbegin?.o(.ctors)
 *(EXCLUDE_FILE(*crtend.o *crtend?.o) .ctors)
 *(SORT_BY_NAME(.ctors.*))
 *(.ctors)
 *crtbegin.o(.dtors)
 *crtbegin?.o(.dtors)
 *(EXCLUDE_FILE(*crtend.o *crtend?.o) .dtors)
 *(SORT_BY_NAME(.dtors.*))
 *(.dtors)
 *(.eh_frame*)
 .eh_frame      0x0000000010004860        0x0 /usr/local/Cellar/arm-none-eabi-gcc/9-2019-q4-major/gcc/bin/../lib/gcc/arm-none-eabi/9.2.1/thumb/v6-m/nofp/crtbegin.o
                0x0000000010004860                . = ALIGN (0x4)

.glue_7         0x0000000010004860        0x0
 .glue_7        0x0000000010004860        0x0 linker stubs

.glue_7t        0x0000000010004860        0x0
 .glue_7t       0x0000000010004860        0x0 linker stubs

.vfp11_veneer   0x0000000010004860        0x0
 .vfp11_veneer  0x0000000010004860        0x0 linker stubs

.v4_bx          0x0000000010004860        0x0
 .v4_bx         0x0000000010004860        0x0 linker stubs

.iplt           0x0000000010004860        0x0
 .iplt          0x0000000010004860        0x0 /usr/local/Cellar/arm-none-eabi-gcc/9-2019-q4-major/gcc/bin/../lib/gcc/arm-none-eabi/9.2.1/thumb/v6-m/nofp/crtbegin.o

.rodata         0x0000000010004860      0xd20
 *(EXCLUDE_FILE(*libm.a: *libc.a:*lib_a-mem*.o *libgcc.a:) .rodata*)
 .rodata.alarm_pool_dump_key.str1.4
                0x0000000010004860       0x73 CMakeFiles/project2.dir/Users/dylan/Library/pico/pico-sdk/src/common/pico_time/time.c.obj
 *fill*         0x00000000100048d3        0x1 
 .rodata.ph_add_child_node.str1.4
                0x00000000100048d4       0x9e CMakeFiles/project2.dir/Users/dylan/Library/pico/pico-sdk/src/common/pico_time/time.c.obj
 *fill*         0x0000000010004972        0x2 
 .rodata.add_alarm_under_lock.str1.4
                0x0000000010004974       0x27 CMakeFiles/project2.dir/Users/dylan/Library/pico/pico-sdk/src/common/pico_time/time.c.obj
 *fill*         0x000000001000499b        0x1 
 .rodata.alarm_pool_alarm_callback.str1.4
                0x000000001000499c       0x7d CMakeFiles/project2.dir/Users/dylan/Library/pico/pico-sdk/src/common/pico_time/time.c.obj
 *fill*         0x0000000010004a19        0x3 
 .rodata.alarm_pool_get_default.str1.4
                0x0000000010004a1c       0x13 CMakeFiles/project2.dir/Users/dylan/Library/pico/pico-sdk/src/common/pico_time/time.c.obj
 *fill*         0x0000000010004a2f        0x1 
 .rodata.__func__.5924
                0x0000000010004a30        0xc CMakeFiles/project2.dir/Users/dylan/Library/pico/pico-sdk/src/common/pico_time/time.c.obj
 .rodata.__func__.5931
                0x0000000010004a3c       0x12 CMakeFiles/project2.dir/Users/dylan/Library/pico/pico-sdk/src/common/pico_time/time.c.obj
 *fill*         0x0000000010004a4e        0x2 
 .rodata.__func__.5946
                0x0000000010004a50        0xa CMakeFiles/project2.dir/Users/dylan/Library/pico/pico-sdk/src/common/pico_time/time.c.obj
 *fill*         0x0000000010004a5a        0x2 
 .rodata.__func__.5968
                0x0000000010004a5c       0x14 CMakeFiles/project2.dir/Users/dylan/Library/pico/pico-sdk/src/common/pico_time/time.c.obj
 .rodata.__func__.6238
                0x0000000010004a70       0x17 CMakeFiles/project2.dir/Users/dylan/Library/pico/pico-sdk/src/common/pico_time/time.c.obj
 *fill*         0x0000000010004a87        0x1 
 .rodata.__func__.6243
                0x0000000010004a88        0xa CMakeFiles/project2.dir/Users/dylan/Library/pico/pico-sdk/src/common/pico_time/time.c.obj
 *fill*         0x0000000010004a92        0x2 
 .rodata.__func__.6248
                0x0000000010004a94       0x12 CMakeFiles/project2.dir/Users/dylan/Library/pico/pico-sdk/src/common/pico_time/time.c.obj
 *fill*         0x0000000010004aa6        0x2 
 .rodata.__func__.6269
                0x0000000010004aa8       0x15 CMakeFiles/project2.dir/Users/dylan/Library/pico/pico-sdk/src/common/pico_time/time.c.obj
 *fill*         0x0000000010004abd        0x3 
 .rodata.__func__.6286
                0x0000000010004ac0       0x1a CMakeFiles/project2.dir/Users/dylan/Library/pico/pico-sdk/src/common/pico_time/time.c.obj
 *fill*         0x0000000010004ada        0x2 
 .rodata.hardware_alarm_claim.str1.4
                0x0000000010004adc       0x22 CMakeFiles/project2.dir/Users/dylan/Library/pico/pico-sdk/src/rp2_common/hardware_timer/timer.c.obj
 *fill*         0x0000000010004afe        0x2 
 .rodata.hardware_alarm_set_target.str1.4
                0x0000000010004b00       0x6d CMakeFiles/project2.dir/Users/dylan/Library/pico/pico-sdk/src/rp2_common/hardware_timer/timer.c.obj
 *fill*         0x0000000010004b6d        0x3 
 .rodata.__func__.4504
                0x0000000010004b70       0x1a CMakeFiles/project2.dir/Users/dylan/Library/pico/pico-sdk/src/rp2_common/hardware_timer/timer.c.obj
 *fill*         0x0000000010004b8a        0x2 
 .rodata.lock_init.str1.4
                0x0000000010004b8c       0x70 CMakeFiles/project2.dir/Users/dylan/Library/pico/pico-sdk/src/common/pico_sync/lock_core.c.obj
 .rodata.__func__.4346
                0x0000000010004bfc        0xa CMakeFiles/project2.dir/Users/dylan/Library/pico/pico-sdk/src/common/pico_sync/lock_core.c.obj
 *fill*         0x0000000010004c06        0x2 
 .rodata.str1.4
                0x0000000010004c08       0x64 CMakeFiles/project2.dir/Users/dylan/Library/pico/pico-sdk/src/common/pico_sync/mutex.c.obj
 .rodata.__func__.4561
                0x0000000010004c6c       0x15 CMakeFiles/project2.dir/Users/dylan/Library/pico/pico-sdk/src/common/pico_sync/mutex.c.obj
 *fill*         0x0000000010004c81        0x3 
 .rodata.__func__.4589
                0x0000000010004c84        0xb CMakeFiles/project2.dir/Users/dylan/Library/pico/pico-sdk/src/common/pico_sync/mutex.c.obj
 .rodata.ph_add_child_node.str1.4
                0x0000000010004c8f       0x9e CMakeFiles/project2.dir/Users/dylan/Library/pico/pico-sdk/src/common/pico_util/pheap.c.obj
 *fill*         0x0000000010004c8f        0x1 
 .rodata.ph_remove_any_head.str1.4
                0x0000000010004c90       0x94 CMakeFiles/project2.dir/Users/dylan/Library/pico/pico-sdk/src/common/pico_util/pheap.c.obj
 .rodata.ph_delete.str1.4
                0x0000000010004d24       0x26 CMakeFiles/project2.dir/Users/dylan/Library/pico/pico-sdk/src/common/pico_util/pheap.c.obj
 *fill*         0x0000000010004d4a        0x2 
 .rodata.__func__.5705
                0x0000000010004d4c        0xc CMakeFiles/project2.dir/Users/dylan/Library/pico/pico-sdk/src/common/pico_util/pheap.c.obj
 .rodata.__func__.5712
                0x0000000010004d58       0x12 CMakeFiles/project2.dir/Users/dylan/Library/pico/pico-sdk/src/common/pico_util/pheap.c.obj
 *fill*         0x0000000010004d6a        0x2 
 .rodata.__func__.5785
                0x0000000010004d6c       0x13 CMakeFiles/project2.dir/Users/dylan/Library/pico/pico-sdk/src/common/pico_util/pheap.c.obj
 *fill*         0x0000000010004d7f        0x1 
 .rodata.__func__.5803
                0x0000000010004d80        0xa CMakeFiles/project2.dir/Users/dylan/Library/pico/pico-sdk/src/common/pico_util/pheap.c.obj
 *fill*         0x0000000010004d8a        0x2 
 .rodata.__assert_func.str1.4
                0x0000000010004d8c       0x3f CMakeFiles/project2.dir/Users/dylan/Library/pico/pico-sdk/src/rp2_common/pico_runtime/runtime.c.obj
                                         0x43 (size before relaxing)
 *fill*         0x0000000010004dcb        0x1 
 .rodata.panic.str1.4
                0x0000000010004dcc       0x12 CMakeFiles/project2.dir/Users/dylan/Library/pico/pico-sdk/src/rp2_common/pico_runtime/runtime.c.obj
 *fill*         0x0000000010004dde        0x2 
 .rodata.clock_configure.str1.4
                0x0000000010004de0       0x5f CMakeFiles/project2.dir/Users/dylan/Library/pico/pico-sdk/src/rp2_common/hardware_clocks/clocks.c.obj
 *fill*         0x0000000010004e3f        0x1 
 .rodata.__func__.4640
                0x0000000010004e40       0x10 CMakeFiles/project2.dir/Users/dylan/Library/pico/pico-sdk/src/rp2_common/hardware_clocks/clocks.c.obj
 .rodata.pll_init.str1.4
                0x0000000010004e50       0xe3 CMakeFiles/project2.dir/Users/dylan/Library/pico/pico-sdk/src/rp2_common/hardware_pll/pll.c.obj
 *fill*         0x0000000010004f33        0x1 
 .rodata.__func__.4374
                0x0000000010004f34        0x9 CMakeFiles/project2.dir/Users/dylan/Library/pico/pico-sdk/src/rp2_common/hardware_pll/pll.c.obj
 *fill*         0x0000000010004f3d        0x3 
 .rodata.make_branch.str1.4
                0x0000000010004f40       0x55 CMakeFiles/project2.dir/Users/dylan/Library/pico/pico-sdk/src/rp2_common/hardware_irq/irq.c.obj
 *fill*         0x0000000010004f95        0x3 
 .rodata.irq_set_exclusive_handler.str1.4
                0x0000000010004f98       0x36 CMakeFiles/project2.dir/Users/dylan/Library/pico/pico-sdk/src/rp2_common/hardware_irq/irq.c.obj
 *fill*         0x0000000010004fce        0x2 
 .rodata.irq_add_shared_handler.str1.4
                0x0000000010004fd0       0xd9 CMakeFiles/project2.dir/Users/dylan/Library/pico/pico-sdk/src/rp2_common/hardware_irq/irq.c.obj
 *fill*         0x00000000100050a9        0x3 
 .rodata.irq_remove_handler.str1.4
                0x00000000100050ac       0x2a CMakeFiles/project2.dir/Users/dylan/Library/pico/pico-sdk/src/rp2_common/hardware_irq/irq.c.obj
 *fill*         0x00000000100050d6        0x2 
 .rodata.irq_add_tail_to_free_list.str1.4
                0x00000000100050d8       0x32 CMakeFiles/project2.dir/Users/dylan/Library/pico/pico-sdk/src/rp2_common/hardware_irq/irq.c.obj
                                         0x3a (size before relaxing)
 *fill*         0x000000001000510a        0x2 
 .rodata.__func__.4465
                0x000000001000510c       0x1a CMakeFiles/project2.dir/Users/dylan/Library/pico/pico-sdk/src/rp2_common/hardware_irq/irq.c.obj
 *fill*         0x0000000010005126        0x2 
 .rodata.__func__.4479
                0x0000000010005128        0xc CMakeFiles/project2.dir/Users/dylan/Library/pico/pico-sdk/src/rp2_common/hardware_irq/irq.c.obj
 .rodata.__func__.4487
                0x0000000010005134       0x17 CMakeFiles/project2.dir/Users/dylan/Library/pico/pico-sdk/src/rp2_common/hardware_irq/irq.c.obj
 *fill*         0x000000001000514b        0x1 
 .rodata.__func__.4491
                0x000000001000514c        0xf CMakeFiles/project2.dir/Users/dylan/Library/pico/pico-sdk/src/rp2_common/hardware_irq/irq.c.obj
 *fill*         0x000000001000515b        0x1 
 .rodata.__func__.4527
                0x000000001000515c       0x13 CMakeFiles/project2.dir/Users/dylan/Library/pico/pico-sdk/src/rp2_common/hardware_irq/irq.c.obj
 *fill*         0x000000001000516f        0x1 
 .rodata.__func__.4546
                0x0000000010005170       0x1a CMakeFiles/project2.dir/Users/dylan/Library/pico/pico-sdk/src/rp2_common/hardware_irq/irq.c.obj
 *fill*         0x000000001000518a        0x2 
 .rodata._ftoa.str1.4
                0x000000001000518c       0x15 CMakeFiles/project2.dir/Users/dylan/Library/pico/pico-sdk/src/rp2_common/pico_printf/printf.c.obj
 *fill*         0x00000000100051a1        0x3 
 .rodata._vsnprintf
                0x00000000100051a4      0x1e0 CMakeFiles/project2.dir/Users/dylan/Library/pico/pico-sdk/src/rp2_common/pico_printf/printf.c.obj
 *fill*         0x0000000010005384        0x4 
 .rodata.pow10.5419
                0x0000000010005388       0x50 CMakeFiles/project2.dir/Users/dylan/Library/pico/pico-sdk/src/rp2_common/pico_printf/printf.c.obj
 .rodata.__aeabi_double_init.str1.4
                0x00000000100053d8       0xb0 CMakeFiles/project2.dir/Users/dylan/Library/pico/pico-sdk/src/rp2_common/pico_double/double_init_rom.c.obj
 .rodata.__func__.4676
                0x0000000010005488       0x14 CMakeFiles/project2.dir/Users/dylan/Library/pico/pico-sdk/src/rp2_common/pico_double/double_init_rom.c.obj
 .rodata.__aeabi_float_init.str1.4
                0x000000001000549c       0x82 CMakeFiles/project2.dir/Users/dylan/Library/pico/pico-sdk/src/rp2_common/pico_float/float_init_rom.c.obj
                                         0x86 (size before relaxing)
 *fill*         0x000000001000551e        0x2 
 .rodata.__func__.4678
                0x0000000010005520       0x13 CMakeFiles/project2.dir/Users/dylan/Library/pico/pico-sdk/src/rp2_common/pico_float/float_init_rom.c.obj
 *fill*         0x0000000010005533        0x1 
 .rodata.str1.4
                0x0000000010005534       0x30 CMakeFiles/project2.dir/Users/dylan/Library/pico/pico-sdk/src/rp2_common/pico_standard_link/binary_info.c.obj
 .rodata.__bi_40
                0x0000000010005564        0xc CMakeFiles/project2.dir/Users/dylan/Library/pico/pico-sdk/src/rp2_common/pico_standard_link/binary_info.c.obj
 .rodata.__bi_71
                0x0000000010005570        0xc CMakeFiles/project2.dir/Users/dylan/Library/pico/pico-sdk/src/rp2_common/pico_standard_link/binary_info.c.obj
 .rodata.crlf_str.5964
                0x000000001000557c        0x2 CMakeFiles/project2.dir/Users/dylan/Library/pico/pico-sdk/src/rp2_common/pico_stdio/stdio.c.obj
                0x0000000010005580                . = ALIGN (0x4)
 *fill*         0x000000001000557e        0x2 
 *(SORT_BY_ALIGNMENT(SORT_BY_NAME(.flashdata*)))
                0x0000000010005580                . = ALIGN (0x4)

.rel.dyn        0x0000000010005580        0x0
 .rel.iplt      0x0000000010005580        0x0 /usr/local/Cellar/arm-none-eabi-gcc/9-2019-q4-major/gcc/bin/../lib/gcc/arm-none-eabi/9.2.1/thumb/v6-m/nofp/crtbegin.o

.ARM.extab
 *(.ARM.extab* .gnu.linkonce.armextab.*)
                0x0000000010005580                __exidx_start = .

.ARM.exidx
 *(.ARM.exidx* .gnu.linkonce.armexidx.*)
                0x0000000010005580                __exidx_end = .
                0x0000000010005580                . = ALIGN (0x4)
                0x0000000010005580                __binary_info_start = .

.binary_info    0x0000000010005580       0x18
 *(.binary_info.keep.*)
 .binary_info.keep.__bi_ptr18
                0x0000000010005580        0x4 CMakeFiles/project2.dir/Users/dylan/Library/pico/pico-sdk/src/rp2_common/pico_standard_link/binary_info.c.obj
 .binary_info.keep.__bi_ptr26
                0x0000000010005584        0x4 CMakeFiles/project2.dir/Users/dylan/Library/pico/pico-sdk/src/rp2_common/pico_standard_link/binary_info.c.obj
 .binary_info.keep.__bi_ptr34
                0x0000000010005588        0x4 CMakeFiles/project2.dir/Users/dylan/Library/pico/pico-sdk/src/rp2_common/pico_standard_link/binary_info.c.obj
 .binary_info.keep.__bi_ptr40
                0x000000001000558c        0x4 CMakeFiles/project2.dir/Users/dylan/Library/pico/pico-sdk/src/rp2_common/pico_standard_link/binary_info.c.obj
 .binary_info.keep.__bi_ptr46
                0x0000000010005590        0x4 CMakeFiles/project2.dir/Users/dylan/Library/pico/pico-sdk/src/rp2_common/pico_standard_link/binary_info.c.obj
 .binary_info.keep.__bi_ptr71
                0x0000000010005594        0x4 CMakeFiles/project2.dir/Users/dylan/Library/pico/pico-sdk/src/rp2_common/pico_standard_link/binary_info.c.obj
 *(.binary_info.*)
                0x0000000010005598                __binary_info_end = .
                0x0000000010005598                . = ALIGN (0x4)
                0x0000000010005598                __etext = .

.ram_vector_table
                0x0000000020000000       0xc0
 *(.ram_vector_table)
 .ram_vector_table
                0x0000000020000000       0xc0 CMakeFiles/project2.dir/Users/dylan/Library/pico/pico-sdk/src/rp2_common/pico_runtime/runtime.c.obj
                0x0000000020000000                ram_vector_table

.data           0x00000000200000c0      0x9dc load address 0x0000000010005598
                0x00000000200000c0                __data_start__ = .
 *(vtable)
 *(.time_critical*)
 .time_critical.mutex_enter_blocking
                0x00000000200000c0       0x64 CMakeFiles/project2.dir/Users/dylan/Library/pico/pico-sdk/src/common/pico_sync/mutex.c.obj
                0x00000000200000c0                mutex_enter_blocking
 .time_critical.mutex_try_enter
                0x0000000020000124       0x46 CMakeFiles/project2.dir/Users/dylan/Library/pico/pico-sdk/src/common/pico_sync/mutex.c.obj
                0x0000000020000124                mutex_try_enter
 *fill*         0x000000002000016a        0x2 
 .time_critical.mutex_exit
                0x000000002000016c       0x4c CMakeFiles/project2.dir/Users/dylan/Library/pico/pico-sdk/src/common/pico_sync/mutex.c.obj
                0x000000002000016c                mutex_exit
 *(.text*)
 .text          0x00000000200001b8        0x4 /usr/local/Cellar/arm-none-eabi-gcc/9-2019-q4-major/gcc/bin/../lib/gcc/arm-none-eabi/9.2.1/thumb/v6-m/nofp/libgcc.a(_dvmd_tls.o)
                0x00000000200001b8                __aeabi_ldiv0
                0x00000000200001b8                __aeabi_idiv0
 *fill*         0x00000000200001bc        0x4 
 .text.__stub   0x00000000200001c0       0x10 linker stubs
                0x00000000200001d0                . = ALIGN (0x4)
 *(.rodata*)
                0x00000000200001d0                . = ALIGN (0x4)
 *(.data*)
 .data.striped_spin_lock_num
                0x00000000200001d0        0x1 CMakeFiles/project2.dir/Users/dylan/Library/pico/pico-sdk/src/rp2_common/hardware_sync/sync.c.obj
 *fill*         0x00000000200001d1        0x3 
 .data          0x00000000200001d4       0x48 CMakeFiles/project2.dir/Users/dylan/Library/pico/pico-sdk/src/rp2_common/hardware_irq/irq_handler_chain.S.obj
                0x00000000200001d4                irq_handler_chain_slots
                0x0000000020000204                irq_handler_chain_first_slot
                0x000000002000020e                irq_handler_chain_remove_tail
 *fill*         0x000000002000021c        0x4 
 .data.aeabi_bits_funcs
                0x0000000020000220       0x10 CMakeFiles/project2.dir/Users/dylan/Library/pico/pico-sdk/src/rp2_common/pico_bit_ops/bit_ops_aeabi.S.obj
                0x0000000020000220                aeabi_bits_funcs
                0x0000000020000230                aeabi_bits_funcs_end
 .data.aeabi_mem_funcs
                0x0000000020000230       0x10 CMakeFiles/project2.dir/Users/dylan/Library/pico/pico-sdk/src/rp2_common/pico_mem_ops/mem_ops_aeabi.S.obj
                0x0000000020000230                aeabi_mem_funcs
                0x0000000020000240                aeabi_mem_funcs_end
 .data._impure_ptr
                0x0000000020000240        0x4 /usr/local/Cellar/arm-none-eabi-gcc/9-2019-q4-major/gcc/bin/../lib/gcc/arm-none-eabi/9.2.1/../../../../arm-none-eabi/lib/thumb/v6-m/nofp/libg.a(lib_a-impure.o)
                0x0000000020000240                _impure_ptr
 *fill*         0x0000000020000244        0x4 
 .data.impure_data
                0x0000000020000248      0x428 /usr/local/Cellar/arm-none-eabi-gcc/9-2019-q4-major/gcc/bin/../lib/gcc/arm-none-eabi/9.2.1/../../../../arm-none-eabi/lib/thumb/v6-m/nofp/libg.a(lib_a-impure.o)
 .data.__malloc_av_
                0x0000000020000670      0x408 /usr/local/Cellar/arm-none-eabi-gcc/9-2019-q4-major/gcc/bin/../lib/gcc/arm-none-eabi/9.2.1/../../../../arm-none-eabi/lib/thumb/v6-m/nofp/libg.a(lib_a-mallocr.o)
                0x0000000020000670                __malloc_av_
 .data.__malloc_sbrk_base
                0x0000000020000a78        0x4 /usr/local/Cellar/arm-none-eabi-gcc/9-2019-q4-major/gcc/bin/../lib/gcc/arm-none-eabi/9.2.1/../../../../arm-none-eabi/lib/thumb/v6-m/nofp/libg.a(lib_a-mallocr.o)
                0x0000000020000a78                __malloc_sbrk_base
 .data.__malloc_trim_threshold
                0x0000000020000a7c        0x4 /usr/local/Cellar/arm-none-eabi-gcc/9-2019-q4-major/gcc/bin/../lib/gcc/arm-none-eabi/9.2.1/../../../../arm-none-eabi/lib/thumb/v6-m/nofp/libg.a(lib_a-mallocr.o)
                0x0000000020000a7c                __malloc_trim_threshold
                0x0000000020000a80                . = ALIGN (0x4)
 *(.after_data.*)
                0x0000000020000a80                . = ALIGN (0x4)
                0x0000000020000a80                PROVIDE (__mutex_array_start = .)
 *(SORT_BY_NAME(.mutex_array.*))
 *(.mutex_array)
 .mutex_array   0x0000000020000a80        0x8 CMakeFiles/project2.dir/Users/dylan/Library/pico/pico-sdk/src/rp2_common/pico_stdio/stdio.c.obj
                0x0000000020000a88                PROVIDE (__mutex_array_end = .)
                0x0000000020000a88                . = ALIGN (0x4)
                0x0000000020000a88                PROVIDE (__preinit_array_start = .)
 *(SORT_BY_NAME(.preinit_array.*))
 .preinit_array.00001
                0x0000000020000a88        0x4 CMakeFiles/project2.dir/Users/dylan/Library/pico/pico-sdk/src/rp2_common/pico_mem_ops/mem_ops_aeabi.S.obj
 .preinit_array.00010
                0x0000000020000a8c        0x4 CMakeFiles/project2.dir/Users/dylan/Library/pico/pico-sdk/src/rp2_common/pico_bit_ops/bit_ops_aeabi.S.obj
 .preinit_array.00020
                0x0000000020000a90        0x4 CMakeFiles/project2.dir/Users/dylan/Library/pico/pico-sdk/src/rp2_common/pico_double/double_aeabi.S.obj
 .preinit_array.00020
                0x0000000020000a94        0x4 CMakeFiles/project2.dir/Users/dylan/Library/pico/pico-sdk/src/rp2_common/pico_float/float_aeabi.S.obj
 *(.preinit_array)
                0x0000000020000a98                PROVIDE (__preinit_array_end = .)
                0x0000000020000a98                . = ALIGN (0x4)
                0x0000000020000a98                PROVIDE (__init_array_start = .)
 *(SORT_BY_NAME(.init_array.*))
 *(.init_array)
 .init_array    0x0000000020000a98        0x4 /usr/local/Cellar/arm-none-eabi-gcc/9-2019-q4-major/gcc/bin/../lib/gcc/arm-none-eabi/9.2.1/thumb/v6-m/nofp/crtbegin.o
                0x0000000020000a9c                PROVIDE (__init_array_end = .)
                0x0000000020000a9c                . = ALIGN (0x4)
                [!provide]                        PROVIDE (__fini_array_start = .)
 *(SORT_BY_NAME(.fini_array.*))
 *(.fini_array)
                [!provide]                        PROVIDE (__fini_array_end = .)
 *(.jcr)
                0x0000000020000a9c                . = ALIGN (0x4)
                0x0000000020000a9c                __data_end__ = .

.igot.plt       0x0000000020000a9c        0x0 load address 0x0000000010005f74
 .igot.plt      0x0000000020000a9c        0x0 /usr/local/Cellar/arm-none-eabi-gcc/9-2019-q4-major/gcc/bin/../lib/gcc/arm-none-eabi/9.2.1/thumb/v6-m/nofp/crtbegin.o

.uninitialized_data
                0x0000000020000a9c        0x0 load address 0x0000000010005f74
                0x0000000020000a9c                . = ALIGN (0x4)
 *(.uninitialized_data*)

.scratch_x      0x0000000020040000        0x0 load address 0x0000000010005f74
                0x0000000020040000                __scratch_x_start__ = .
 *(.scratch_x.*)
                0x0000000020040000                . = ALIGN (0x4)
                0x0000000020040000                __scratch_x_end__ = .
                0x0000000010005f74                __scratch_x_source__ = LOADADDR (.scratch_x)

.scratch_y      0x0000000020041000        0x0 load address 0x0000000010005f74
                0x0000000020041000                __scratch_y_start__ = .
 *(.scratch_y.*)
                0x0000000020041000                . = ALIGN (0x4)
                0x0000000020041000                __scratch_y_end__ = .
                0x0000000010005f74                __scratch_y_source__ = LOADADDR (.scratch_y)

.bss            0x0000000020000a9c      0x2e8
                0x0000000020000a9c                . = ALIGN (0x4)
                0x0000000020000a9c                __bss_start__ = .
 *(SORT_BY_ALIGNMENT(SORT_BY_NAME(.bss*)))
 .bss           0x0000000020000a9c       0x1c /usr/local/Cellar/arm-none-eabi-gcc/9-2019-q4-major/gcc/bin/../lib/gcc/arm-none-eabi/9.2.1/thumb/v6-m/nofp/crtbegin.o
 .bss.__malloc_current_mallinfo
                0x0000000020000ab8       0x28 /usr/local/Cellar/arm-none-eabi-gcc/9-2019-q4-major/gcc/bin/../lib/gcc/arm-none-eabi/9.2.1/../../../../arm-none-eabi/lib/thumb/v6-m/nofp/libg.a(lib_a-mallocr.o)
                0x0000000020000ab8                __malloc_current_mallinfo
 .bss.__malloc_max_sbrked_mem
                0x0000000020000ae0        0x4 /usr/local/Cellar/arm-none-eabi-gcc/9-2019-q4-major/gcc/bin/../lib/gcc/arm-none-eabi/9.2.1/../../../../arm-none-eabi/lib/thumb/v6-m/nofp/libg.a(lib_a-mallocr.o)
                0x0000000020000ae0                __malloc_max_sbrked_mem
 .bss.__malloc_max_total_mem
                0x0000000020000ae4        0x4 /usr/local/Cellar/arm-none-eabi-gcc/9-2019-q4-major/gcc/bin/../lib/gcc/arm-none-eabi/9.2.1/../../../../arm-none-eabi/lib/thumb/v6-m/nofp/libg.a(lib_a-mallocr.o)
                0x0000000020000ae4                __malloc_max_total_mem
 .bss.__malloc_top_pad
                0x0000000020000ae8        0x4 /usr/local/Cellar/arm-none-eabi-gcc/9-2019-q4-major/gcc/bin/../lib/gcc/arm-none-eabi/9.2.1/../../../../arm-none-eabi/lib/thumb/v6-m/nofp/libg.a(lib_a-mallocr.o)
                0x0000000020000ae8                __malloc_top_pad
 .bss.alarm_callbacks
                0x0000000020000aec       0x10 CMakeFiles/project2.dir/Users/dylan/Library/pico/pico-sdk/src/rp2_common/hardware_timer/timer.c.obj
 .bss.configured_freq
                0x0000000020000afc       0x28 CMakeFiles/project2.dir/Users/dylan/Library/pico/pico-sdk/src/rp2_common/hardware_clocks/clocks.c.obj
 .bss.default_alarm_pool
                0x0000000020000b24        0x4 CMakeFiles/project2.dir/Users/dylan/Library/pico/pico-sdk/src/common/pico_time/time.c.obj
 .bss.drivers   0x0000000020000b28        0x4 CMakeFiles/project2.dir/Users/dylan/Library/pico/pico-sdk/src/rp2_common/pico_stdio/stdio.c.obj
 .bss.filter    0x0000000020000b2c        0x4 CMakeFiles/project2.dir/Users/dylan/Library/pico/pico-sdk/src/rp2_common/pico_stdio/stdio.c.obj
 .bss.heap_end.5764
                0x0000000020000b30        0x4 CMakeFiles/project2.dir/Users/dylan/Library/pico/pico-sdk/src/rp2_common/pico_runtime/runtime.c.obj
 .bss.pools     0x0000000020000b34       0x10 CMakeFiles/project2.dir/Users/dylan/Library/pico/pico-sdk/src/common/pico_time/time.c.obj
 .bss.target_hi
                0x0000000020000b44       0x10 CMakeFiles/project2.dir/Users/dylan/Library/pico/pico-sdk/src/rp2_common/hardware_timer/timer.c.obj
 .bss.claimed   0x0000000020000b54        0x1 CMakeFiles/project2.dir/Users/dylan/Library/pico/pico-sdk/src/rp2_common/hardware_timer/timer.c.obj
 .bss.irq_hander_chain_free_slot_head
                0x0000000020000b55        0x1 CMakeFiles/project2.dir/Users/dylan/Library/pico/pico-sdk/src/rp2_common/hardware_irq/irq.c.obj
 .bss.timer_callbacks_pending
                0x0000000020000b56        0x1 CMakeFiles/project2.dir/Users/dylan/Library/pico/pico-sdk/src/rp2_common/hardware_timer/timer.c.obj
 *(COMMON)
 *fill*         0x0000000020000b57        0x1 
 COMMON         0x0000000020000b58      0x100 CMakeFiles/project2.dir/Users/dylan/Library/pico/pico-sdk/src/rp2_common/pico_double/double_init_rom.c.obj
                0x0000000020000b58                sd_table
 COMMON         0x0000000020000c58      0x104 CMakeFiles/project2.dir/Users/dylan/Library/pico/pico-sdk/src/rp2_common/pico_float/float_init_rom.c.obj
                0x0000000020000c58                sf_table
                0x0000000020000d58                sf_clz_func
 COMMON         0x0000000020000d5c       0x21 /usr/local/Cellar/arm-none-eabi-gcc/9-2019-q4-major/gcc/bin/../lib/gcc/arm-none-eabi/9.2.1/../../../../arm-none-eabi/lib/thumb/v6-m/nofp/libg.a(lib_a-lock.o)
                0x0000000020000d5c                __lock___atexit_recursive_mutex
                0x0000000020000d60                __lock___arc4random_mutex
                0x0000000020000d64                __lock___env_recursive_mutex
                0x0000000020000d68                __lock___sinit_recursive_mutex
                0x0000000020000d6c                __lock___malloc_recursive_mutex
                0x0000000020000d70                __lock___at_quick_exit_mutex
                0x0000000020000d74                __lock___dd_hash_mutex
                0x0000000020000d78                __lock___tz_mutex
                0x0000000020000d7c                __lock___sfp_recursive_mutex
 *fill*         0x0000000020000d7d        0x3 
 COMMON         0x0000000020000d80        0x4 /usr/local/Cellar/arm-none-eabi-gcc/9-2019-q4-major/gcc/bin/../lib/gcc/arm-none-eabi/9.2.1/../../../../arm-none-eabi/lib/thumb/v6-m/nofp/libg.a(lib_a-reent.o)
                0x0000000020000d80                errno
                0x0000000020000d84                . = ALIGN (0x4)
                0x0000000020000d84                __bss_end__ = .

.heap           0x0000000020000d84      0x800
                0x0000000020000d84                __end__ = .
                0x0000000020000d84                end = __end__
 *(.heap*)
 .heap          0x0000000020000d84      0x800 CMakeFiles/project2.dir/Users/dylan/Library/pico/pico-sdk/src/rp2_common/pico_standard_link/crt0.S.obj
                0x0000000020001584                __HeapLimit = .

.stack1_dummy   0x0000000020040000        0x0
 *(.stack1*)

.stack_dummy    0x0000000020041000      0x800
 *(.stack*)
 .stack         0x0000000020041000      0x800 CMakeFiles/project2.dir/Users/dylan/Library/pico/pico-sdk/src/rp2_common/pico_standard_link/crt0.S.obj

.flash_end      0x0000000010005f74        0x0
                0x0000000010005f74                __flash_binary_end = .
                0x0000000020040000                __StackLimit = (ORIGIN (RAM) + LENGTH (RAM))
                0x0000000020041000                __StackOneTop = (ORIGIN (SCRATCH_X) + LENGTH (SCRATCH_X))
                0x0000000020042000                __StackTop = (ORIGIN (SCRATCH_Y) + LENGTH (SCRATCH_Y))
                0x0000000020041000                __StackOneBottom = (__StackOneTop - SIZEOF (.stack1_dummy))
                0x0000000020041800                __StackBottom = (__StackTop - SIZEOF (.stack_dummy))
                0x0000000020042000                PROVIDE (__stack = __StackTop)
                0x0000000000000001                ASSERT ((__StackLimit >= __HeapLimit), region RAM overflowed)
                0x0000000000000001                ASSERT (((__binary_info_header_end - __logical_binary_start) <= 0x100), Binary info must be in first 256 bytes of the binary)
LOAD CMakeFiles/project2.dir/project2.c.obj
LOAD CMakeFiles/project2.dir/Users/dylan/Library/pico/pico-sdk/src/rp2_common/pico_stdlib/stdlib.c.obj
LOAD CMakeFiles/project2.dir/Users/dylan/Library/pico/pico-sdk/src/rp2_common/hardware_gpio/gpio.c.obj
LOAD CMakeFiles/project2.dir/Users/dylan/Library/pico/pico-sdk/src/rp2_common/hardware_claim/claim.c.obj
LOAD CMakeFiles/project2.dir/Users/dylan/Library/pico/pico-sdk/src/rp2_common/hardware_sync/sync.c.obj
LOAD CMakeFiles/project2.dir/Users/dylan/Library/pico/pico-sdk/src/rp2_common/pico_platform/platform.c.obj
LOAD CMakeFiles/project2.dir/Users/dylan/Library/pico/pico-sdk/src/rp2_common/hardware_uart/uart.c.obj
LOAD CMakeFiles/project2.dir/Users/dylan/Library/pico/pico-sdk/src/rp2_common/hardware_divider/divider.S.obj
LOAD CMakeFiles/project2.dir/Users/dylan/Library/pico/pico-sdk/src/common/pico_time/time.c.obj
LOAD CMakeFiles/project2.dir/Users/dylan/Library/pico/pico-sdk/src/common/pico_time/timeout_helper.c.obj
LOAD CMakeFiles/project2.dir/Users/dylan/Library/pico/pico-sdk/src/rp2_common/hardware_timer/timer.c.obj
LOAD CMakeFiles/project2.dir/Users/dylan/Library/pico/pico-sdk/src/common/pico_sync/sem.c.obj
LOAD CMakeFiles/project2.dir/Users/dylan/Library/pico/pico-sdk/src/common/pico_sync/lock_core.c.obj
LOAD CMakeFiles/project2.dir/Users/dylan/Library/pico/pico-sdk/src/common/pico_sync/mutex.c.obj
LOAD CMakeFiles/project2.dir/Users/dylan/Library/pico/pico-sdk/src/common/pico_sync/critical_section.c.obj
LOAD CMakeFiles/project2.dir/Users/dylan/Library/pico/pico-sdk/src/common/pico_util/datetime.c.obj
LOAD CMakeFiles/project2.dir/Users/dylan/Library/pico/pico-sdk/src/common/pico_util/pheap.c.obj
LOAD CMakeFiles/project2.dir/Users/dylan/Library/pico/pico-sdk/src/common/pico_util/queue.c.obj
LOAD CMakeFiles/project2.dir/Users/dylan/Library/pico/pico-sdk/src/rp2_common/pico_runtime/runtime.c.obj
LOAD CMakeFiles/project2.dir/Users/dylan/Library/pico/pico-sdk/src/rp2_common/hardware_clocks/clocks.c.obj
LOAD CMakeFiles/project2.dir/Users/dylan/Library/pico/pico-sdk/src/rp2_common/hardware_watchdog/watchdog.c.obj
LOAD CMakeFiles/project2.dir/Users/dylan/Library/pico/pico-sdk/src/rp2_common/hardware_xosc/xosc.c.obj
LOAD CMakeFiles/project2.dir/Users/dylan/Library/pico/pico-sdk/src/rp2_common/hardware_pll/pll.c.obj
LOAD CMakeFiles/project2.dir/Users/dylan/Library/pico/pico-sdk/src/rp2_common/hardware_vreg/vreg.c.obj
LOAD CMakeFiles/project2.dir/Users/dylan/Library/pico/pico-sdk/src/rp2_common/hardware_irq/irq.c.obj
LOAD CMakeFiles/project2.dir/Users/dylan/Library/pico/pico-sdk/src/rp2_common/hardware_irq/irq_handler_chain.S.obj
LOAD CMakeFiles/project2.dir/Users/dylan/Library/pico/pico-sdk/src/rp2_common/pico_printf/printf.c.obj
LOAD CMakeFiles/project2.dir/Users/dylan/Library/pico/pico-sdk/src/rp2_common/pico_bit_ops/bit_ops_aeabi.S.obj
LOAD CMakeFiles/project2.dir/Users/dylan/Library/pico/pico-sdk/src/rp2_common/pico_bootrom/bootrom.c.obj
LOAD CMakeFiles/project2.dir/Users/dylan/Library/pico/pico-sdk/src/rp2_common/pico_divider/divider.S.obj
LOAD CMakeFiles/project2.dir/Users/dylan/Library/pico/pico-sdk/src/rp2_common/pico_double/double_aeabi.S.obj
LOAD CMakeFiles/project2.dir/Users/dylan/Library/pico/pico-sdk/src/rp2_common/pico_double/double_init_rom.c.obj
LOAD CMakeFiles/project2.dir/Users/dylan/Library/pico/pico-sdk/src/rp2_common/pico_double/double_math.c.obj
LOAD CMakeFiles/project2.dir/Users/dylan/Library/pico/pico-sdk/src/rp2_common/pico_double/double_v1_rom_shim.S.obj
LOAD CMakeFiles/project2.dir/Users/dylan/Library/pico/pico-sdk/src/rp2_common/pico_int64_ops/pico_int64_ops_aeabi.S.obj
LOAD CMakeFiles/project2.dir/Users/dylan/Library/pico/pico-sdk/src/rp2_common/pico_float/float_aeabi.S.obj
LOAD CMakeFiles/project2.dir/Users/dylan/Library/pico/pico-sdk/src/rp2_common/pico_float/float_init_rom.c.obj
LOAD CMakeFiles/project2.dir/Users/dylan/Library/pico/pico-sdk/src/rp2_common/pico_float/float_math.c.obj
LOAD CMakeFiles/project2.dir/Users/dylan/Library/pico/pico-sdk/src/rp2_common/pico_float/float_v1_rom_shim.S.obj
LOAD CMakeFiles/project2.dir/Users/dylan/Library/pico/pico-sdk/src/rp2_common/pico_malloc/pico_malloc.c.obj
LOAD CMakeFiles/project2.dir/Users/dylan/Library/pico/pico-sdk/src/rp2_common/pico_mem_ops/mem_ops_aeabi.S.obj
LOAD CMakeFiles/project2.dir/Users/dylan/Library/pico/pico-sdk/src/rp2_common/pico_standard_link/crt0.S.obj
LOAD CMakeFiles/project2.dir/Users/dylan/Library/pico/pico-sdk/src/rp2_common/pico_standard_link/new_delete.cpp.obj
LOAD CMakeFiles/project2.dir/Users/dylan/Library/pico/pico-sdk/src/rp2_common/pico_standard_link/binary_info.c.obj
LOAD CMakeFiles/project2.dir/Users/dylan/Library/pico/pico-sdk/src/rp2_common/pico_stdio/stdio.c.obj
LOAD CMakeFiles/project2.dir/Users/dylan/Library/pico/pico-sdk/src/rp2_common/pico_stdio_uart/stdio_uart.c.obj
LOAD CMakeFiles/project2.dir/Users/dylan/Library/pico/pico-sdk/src/rp2_common/pico_stdio_usb/stdio_usb.c.obj
LOAD CMakeFiles/project2.dir/Users/dylan/Library/pico/pico-sdk/src/rp2_common/pico_stdio_usb/stdio_usb_descriptors.c.obj
LOAD CMakeFiles/project2.dir/Users/dylan/Library/pico/pico-sdk/lib/tinyusb/src/portable/raspberrypi/rp2040/dcd_rp2040.c.obj
LOAD CMakeFiles/project2.dir/Users/dylan/Library/pico/pico-sdk/lib/tinyusb/src/portable/raspberrypi/rp2040/rp2040_usb.c.obj
LOAD CMakeFiles/project2.dir/Users/dylan/Library/pico/pico-sdk/lib/tinyusb/src/device/usbd.c.obj
LOAD CMakeFiles/project2.dir/Users/dylan/Library/pico/pico-sdk/lib/tinyusb/src/device/usbd_control.c.obj
LOAD CMakeFiles/project2.dir/Users/dylan/Library/pico/pico-sdk/lib/tinyusb/src/class/audio/audio_device.c.obj
LOAD CMakeFiles/project2.dir/Users/dylan/Library/pico/pico-sdk/lib/tinyusb/src/class/cdc/cdc_device.c.obj
LOAD CMakeFiles/project2.dir/Users/dylan/Library/pico/pico-sdk/lib/tinyusb/src/class/dfu/dfu_rt_device.c.obj
LOAD CMakeFiles/project2.dir/Users/dylan/Library/pico/pico-sdk/lib/tinyusb/src/class/hid/hid_device.c.obj
LOAD CMakeFiles/project2.dir/Users/dylan/Library/pico/pico-sdk/lib/tinyusb/src/class/midi/midi_device.c.obj
LOAD CMakeFiles/project2.dir/Users/dylan/Library/pico/pico-sdk/lib/tinyusb/src/class/msc/msc_device.c.obj
LOAD CMakeFiles/project2.dir/Users/dylan/Library/pico/pico-sdk/lib/tinyusb/src/class/net/net_device.c.obj
LOAD CMakeFiles/project2.dir/Users/dylan/Library/pico/pico-sdk/lib/tinyusb/src/class/usbtmc/usbtmc_device.c.obj
LOAD CMakeFiles/project2.dir/Users/dylan/Library/pico/pico-sdk/lib/tinyusb/src/class/vendor/vendor_device.c.obj
LOAD CMakeFiles/project2.dir/Users/dylan/Library/pico/pico-sdk/lib/tinyusb/src/tusb.c.obj
LOAD CMakeFiles/project2.dir/Users/dylan/Library/pico/pico-sdk/lib/tinyusb/src/common/tusb_fifo.c.obj
LOAD CMakeFiles/project2.dir/Users/dylan/Library/pico/pico-sdk/src/rp2_common/pico_fix/rp2040_usb_device_enumeration/rp2040_usb_device_enumeration.c.obj
LOAD /var/folders/59/b9rrb54d62g_331jd9lmc_000000gn/T//cceJamG1.o
LOAD /usr/local/Cellar/arm-none-eabi-gcc/9-2019-q4-major/gcc/bin/../lib/gcc/arm-none-eabi/9.2.1/../../../../arm-none-eabi/lib/thumb/v6-m/nofp/libstdc++.a
LOAD /usr/local/Cellar/arm-none-eabi-gcc/9-2019-q4-major/gcc/bin/../lib/gcc/arm-none-eabi/9.2.1/../../../../arm-none-eabi/lib/thumb/v6-m/nofp/libm.a
START GROUP
LOAD /usr/local/Cellar/arm-none-eabi-gcc/9-2019-q4-major/gcc/bin/../lib/gcc/arm-none-eabi/9.2.1/thumb/v6-m/nofp/libgcc.a
LOAD /usr/local/Cellar/arm-none-eabi-gcc/9-2019-q4-major/gcc/bin/../lib/gcc/arm-none-eabi/9.2.1/../../../../arm-none-eabi/lib/thumb/v6-m/nofp/libg.a
LOAD /usr/local/Cellar/arm-none-eabi-gcc/9-2019-q4-major/gcc/bin/../lib/gcc/arm-none-eabi/9.2.1/../../../../arm-none-eabi/lib/thumb/v6-m/nofp/libc.a
END GROUP
START GROUP
LOAD /usr/local/Cellar/arm-none-eabi-gcc/9-2019-q4-major/gcc/bin/../lib/gcc/arm-none-eabi/9.2.1/thumb/v6-m/nofp/libgcc.a
LOAD /usr/local/Cellar/arm-none-eabi-gcc/9-2019-q4-major/gcc/bin/../lib/gcc/arm-none-eabi/9.2.1/../../../../arm-none-eabi/lib/thumb/v6-m/nofp/libc.a
LOAD /usr/local/Cellar/arm-none-eabi-gcc/9-2019-q4-major/gcc/bin/../lib/gcc/arm-none-eabi/9.2.1/../../../../arm-none-eabi/lib/thumb/v6-m/nofp/libnosys.a
END GROUP
LOAD /usr/local/Cellar/arm-none-eabi-gcc/9-2019-q4-major/gcc/bin/../lib/gcc/arm-none-eabi/9.2.1/thumb/v6-m/nofp/crtend.o
LOAD /usr/local/Cellar/arm-none-eabi-gcc/9-2019-q4-major/gcc/bin/../lib/gcc/arm-none-eabi/9.2.1/thumb/v6-m/nofp/crtn.o
OUTPUT(project2.elf elf32-littlearm)

.ARM.attributes
                0x0000000000000000       0x28
 .ARM.attributes
                0x0000000000000000       0x1e /usr/local/Cellar/arm-none-eabi-gcc/9-2019-q4-major/gcc/bin/../lib/gcc/arm-none-eabi/9.2.1/thumb/v6-m/nofp/crti.o
 .ARM.attributes
                0x000000000000001e       0x2c /usr/local/Cellar/arm-none-eabi-gcc/9-2019-q4-major/gcc/bin/../lib/gcc/arm-none-eabi/9.2.1/thumb/v6-m/nofp/crtbegin.o
 .ARM.attributes
                0x000000000000004a       0x2b CMakeFiles/project2.dir/project2.c.obj
 .ARM.attributes
                0x0000000000000075       0x2b CMakeFiles/project2.dir/Users/dylan/Library/pico/pico-sdk/src/rp2_common/hardware_gpio/gpio.c.obj
 .ARM.attributes
                0x00000000000000a0       0x2b CMakeFiles/project2.dir/Users/dylan/Library/pico/pico-sdk/src/rp2_common/hardware_claim/claim.c.obj
 .ARM.attributes
                0x00000000000000cb       0x2b CMakeFiles/project2.dir/Users/dylan/Library/pico/pico-sdk/src/rp2_common/hardware_sync/sync.c.obj
 .ARM.attributes
                0x00000000000000f6       0x2b CMakeFiles/project2.dir/Users/dylan/Library/pico/pico-sdk/src/rp2_common/pico_platform/platform.c.obj
 .ARM.attributes
                0x0000000000000121       0x2b CMakeFiles/project2.dir/Users/dylan/Library/pico/pico-sdk/src/common/pico_time/time.c.obj
 .ARM.attributes
                0x000000000000014c       0x2b CMakeFiles/project2.dir/Users/dylan/Library/pico/pico-sdk/src/rp2_common/hardware_timer/timer.c.obj
 .ARM.attributes
                0x0000000000000177       0x2b CMakeFiles/project2.dir/Users/dylan/Library/pico/pico-sdk/src/common/pico_sync/lock_core.c.obj
 .ARM.attributes
                0x00000000000001a2       0x2b CMakeFiles/project2.dir/Users/dylan/Library/pico/pico-sdk/src/common/pico_sync/mutex.c.obj
 .ARM.attributes
                0x00000000000001cd       0x2b CMakeFiles/project2.dir/Users/dylan/Library/pico/pico-sdk/src/common/pico_util/pheap.c.obj
 .ARM.attributes
                0x00000000000001f8       0x2b CMakeFiles/project2.dir/Users/dylan/Library/pico/pico-sdk/src/rp2_common/pico_runtime/runtime.c.obj
 .ARM.attributes
                0x0000000000000223       0x2b CMakeFiles/project2.dir/Users/dylan/Library/pico/pico-sdk/src/rp2_common/hardware_clocks/clocks.c.obj
 .ARM.attributes
                0x000000000000024e       0x2b CMakeFiles/project2.dir/Users/dylan/Library/pico/pico-sdk/src/rp2_common/hardware_watchdog/watchdog.c.obj
 .ARM.attributes
                0x0000000000000279       0x2b CMakeFiles/project2.dir/Users/dylan/Library/pico/pico-sdk/src/rp2_common/hardware_xosc/xosc.c.obj
 .ARM.attributes
                0x00000000000002a4       0x2b CMakeFiles/project2.dir/Users/dylan/Library/pico/pico-sdk/src/rp2_common/hardware_pll/pll.c.obj
 .ARM.attributes
                0x00000000000002cf       0x2b CMakeFiles/project2.dir/Users/dylan/Library/pico/pico-sdk/src/rp2_common/hardware_irq/irq.c.obj
 .ARM.attributes
                0x00000000000002fa       0x22 CMakeFiles/project2.dir/Users/dylan/Library/pico/pico-sdk/src/rp2_common/hardware_irq/irq_handler_chain.S.obj
 .ARM.attributes
                0x000000000000031c       0x2b CMakeFiles/project2.dir/Users/dylan/Library/pico/pico-sdk/src/rp2_common/pico_printf/printf.c.obj
 .ARM.attributes
                0x0000000000000347       0x22 CMakeFiles/project2.dir/Users/dylan/Library/pico/pico-sdk/src/rp2_common/pico_bit_ops/bit_ops_aeabi.S.obj
 .ARM.attributes
                0x0000000000000369       0x2b CMakeFiles/project2.dir/Users/dylan/Library/pico/pico-sdk/src/rp2_common/pico_bootrom/bootrom.c.obj
 .ARM.attributes
                0x0000000000000394       0x22 CMakeFiles/project2.dir/Users/dylan/Library/pico/pico-sdk/src/rp2_common/pico_divider/divider.S.obj
 .ARM.attributes
                0x00000000000003b6       0x22 CMakeFiles/project2.dir/Users/dylan/Library/pico/pico-sdk/src/rp2_common/pico_double/double_aeabi.S.obj
 .ARM.attributes
                0x00000000000003d8       0x2b CMakeFiles/project2.dir/Users/dylan/Library/pico/pico-sdk/src/rp2_common/pico_double/double_init_rom.c.obj
 .ARM.attributes
                0x0000000000000403       0x22 CMakeFiles/project2.dir/Users/dylan/Library/pico/pico-sdk/src/rp2_common/pico_double/double_v1_rom_shim.S.obj
 .ARM.attributes
                0x0000000000000425       0x22 CMakeFiles/project2.dir/Users/dylan/Library/pico/pico-sdk/src/rp2_common/pico_int64_ops/pico_int64_ops_aeabi.S.obj
 .ARM.attributes
                0x0000000000000447       0x22 CMakeFiles/project2.dir/Users/dylan/Library/pico/pico-sdk/src/rp2_common/pico_float/float_aeabi.S.obj
 .ARM.attributes
                0x0000000000000469       0x2b CMakeFiles/project2.dir/Users/dylan/Library/pico/pico-sdk/src/rp2_common/pico_float/float_init_rom.c.obj
 .ARM.attributes
                0x0000000000000494       0x22 CMakeFiles/project2.dir/Users/dylan/Library/pico/pico-sdk/src/rp2_common/pico_float/float_v1_rom_shim.S.obj
 .ARM.attributes
                0x00000000000004b6       0x2b CMakeFiles/project2.dir/Users/dylan/Library/pico/pico-sdk/src/rp2_common/pico_malloc/pico_malloc.c.obj
 .ARM.attributes
                0x00000000000004e1       0x22 CMakeFiles/project2.dir/Users/dylan/Library/pico/pico-sdk/src/rp2_common/pico_mem_ops/mem_ops_aeabi.S.obj
 .ARM.attributes
                0x0000000000000503       0x22 CMakeFiles/project2.dir/Users/dylan/Library/pico/pico-sdk/src/rp2_common/pico_standard_link/crt0.S.obj
 .ARM.attributes
                0x0000000000000525       0x32 CMakeFiles/project2.dir/Users/dylan/Library/pico/pico-sdk/src/rp2_common/pico_standard_link/binary_info.c.obj
 .ARM.attributes
                0x0000000000000557       0x2b CMakeFiles/project2.dir/Users/dylan/Library/pico/pico-sdk/src/rp2_common/pico_stdio/stdio.c.obj
 .ARM.attributes
                0x0000000000000582       0x22 /var/folders/59/b9rrb54d62g_331jd9lmc_000000gn/T//cceJamG1.o
 .ARM.attributes
                0x00000000000005a4       0x1e /usr/local/Cellar/arm-none-eabi-gcc/9-2019-q4-major/gcc/bin/../lib/gcc/arm-none-eabi/9.2.1/thumb/v6-m/nofp/libgcc.a(_dvmd_tls.o)
 .ARM.attributes
                0x00000000000005c2       0x2c /usr/local/Cellar/arm-none-eabi-gcc/9-2019-q4-major/gcc/bin/../lib/gcc/arm-none-eabi/9.2.1/../../../../arm-none-eabi/lib/thumb/v6-m/nofp/libg.a(lib_a-calloc.o)
 .ARM.attributes
                0x00000000000005ee       0x2c /usr/local/Cellar/arm-none-eabi-gcc/9-2019-q4-major/gcc/bin/../lib/gcc/arm-none-eabi/9.2.1/../../../../arm-none-eabi/lib/thumb/v6-m/nofp/libg.a(lib_a-callocr.o)
 .ARM.attributes
                0x000000000000061a       0x2c /usr/local/Cellar/arm-none-eabi-gcc/9-2019-q4-major/gcc/bin/../lib/gcc/arm-none-eabi/9.2.1/../../../../arm-none-eabi/lib/thumb/v6-m/nofp/libg.a(lib_a-impure.o)
 .ARM.attributes
                0x0000000000000646       0x2c /usr/local/Cellar/arm-none-eabi-gcc/9-2019-q4-major/gcc/bin/../lib/gcc/arm-none-eabi/9.2.1/../../../../arm-none-eabi/lib/thumb/v6-m/nofp/libg.a(lib_a-malloc.o)
 .ARM.attributes
                0x0000000000000672       0x2c /usr/local/Cellar/arm-none-eabi-gcc/9-2019-q4-major/gcc/bin/../lib/gcc/arm-none-eabi/9.2.1/../../../../arm-none-eabi/lib/thumb/v6-m/nofp/libg.a(lib_a-mallocr.o)
 .ARM.attributes
                0x000000000000069e       0x2c /usr/local/Cellar/arm-none-eabi-gcc/9-2019-q4-major/gcc/bin/../lib/gcc/arm-none-eabi/9.2.1/../../../../arm-none-eabi/lib/thumb/v6-m/nofp/libg.a(lib_a-mlock.o)
 .ARM.attributes
                0x00000000000006ca       0x2c /usr/local/Cellar/arm-none-eabi-gcc/9-2019-q4-major/gcc/bin/../lib/gcc/arm-none-eabi/9.2.1/../../../../arm-none-eabi/lib/thumb/v6-m/nofp/libg.a(lib_a-sbrkr.o)
 .ARM.attributes
                0x00000000000006f6       0x2c /usr/local/Cellar/arm-none-eabi-gcc/9-2019-q4-major/gcc/bin/../lib/gcc/arm-none-eabi/9.2.1/../../../../arm-none-eabi/lib/thumb/v6-m/nofp/libg.a(lib_a-strlen-stub.o)
 .ARM.attributes
                0x0000000000000722       0x2c /usr/local/Cellar/arm-none-eabi-gcc/9-2019-q4-major/gcc/bin/../lib/gcc/arm-none-eabi/9.2.1/../../../../arm-none-eabi/lib/thumb/v6-m/nofp/libg.a(lib_a-freer.o)
 .ARM.attributes
                0x000000000000074e       0x2c /usr/local/Cellar/arm-none-eabi-gcc/9-2019-q4-major/gcc/bin/../lib/gcc/arm-none-eabi/9.2.1/../../../../arm-none-eabi/lib/thumb/v6-m/nofp/libg.a(lib_a-lock.o)
 .ARM.attributes
                0x000000000000077a       0x2c /usr/local/Cellar/arm-none-eabi-gcc/9-2019-q4-major/gcc/bin/../lib/gcc/arm-none-eabi/9.2.1/../../../../arm-none-eabi/lib/thumb/v6-m/nofp/libg.a(lib_a-reent.o)

.comment        0x0000000000000000       0x79
 .comment       0x0000000000000000       0x79 CMakeFiles/project2.dir/project2.c.obj
                                         0x7a (size before relaxing)
 .comment       0x0000000000000079       0x7a CMakeFiles/project2.dir/Users/dylan/Library/pico/pico-sdk/src/rp2_common/hardware_gpio/gpio.c.obj
 .comment       0x0000000000000079       0x7a CMakeFiles/project2.dir/Users/dylan/Library/pico/pico-sdk/src/rp2_common/hardware_claim/claim.c.obj
 .comment       0x0000000000000079       0x7a CMakeFiles/project2.dir/Users/dylan/Library/pico/pico-sdk/src/rp2_common/hardware_sync/sync.c.obj
 .comment       0x0000000000000079       0x7a CMakeFiles/project2.dir/Users/dylan/Library/pico/pico-sdk/src/rp2_common/pico_platform/platform.c.obj
 .comment       0x0000000000000079       0x7a CMakeFiles/project2.dir/Users/dylan/Library/pico/pico-sdk/src/common/pico_time/time.c.obj
 .comment       0x0000000000000079       0x7a CMakeFiles/project2.dir/Users/dylan/Library/pico/pico-sdk/src/rp2_common/hardware_timer/timer.c.obj
 .comment       0x0000000000000079       0x7a CMakeFiles/project2.dir/Users/dylan/Library/pico/pico-sdk/src/common/pico_sync/lock_core.c.obj
 .comment       0x0000000000000079       0x7a CMakeFiles/project2.dir/Users/dylan/Library/pico/pico-sdk/src/common/pico_sync/mutex.c.obj
 .comment       0x0000000000000079       0x7a CMakeFiles/project2.dir/Users/dylan/Library/pico/pico-sdk/src/common/pico_util/pheap.c.obj
 .comment       0x0000000000000079       0x7a CMakeFiles/project2.dir/Users/dylan/Library/pico/pico-sdk/src/rp2_common/pico_runtime/runtime.c.obj
 .comment       0x0000000000000079       0x7a CMakeFiles/project2.dir/Users/dylan/Library/pico/pico-sdk/src/rp2_common/hardware_clocks/clocks.c.obj
 .comment       0x0000000000000079       0x7a CMakeFiles/project2.dir/Users/dylan/Library/pico/pico-sdk/src/rp2_common/hardware_watchdog/watchdog.c.obj
 .comment       0x0000000000000079       0x7a CMakeFiles/project2.dir/Users/dylan/Library/pico/pico-sdk/src/rp2_common/hardware_xosc/xosc.c.obj
 .comment       0x0000000000000079       0x7a CMakeFiles/project2.dir/Users/dylan/Library/pico/pico-sdk/src/rp2_common/hardware_pll/pll.c.obj
 .comment       0x0000000000000079       0x7a CMakeFiles/project2.dir/Users/dylan/Library/pico/pico-sdk/src/rp2_common/hardware_irq/irq.c.obj
 .comment       0x0000000000000079       0x7a CMakeFiles/project2.dir/Users/dylan/Library/pico/pico-sdk/src/rp2_common/pico_printf/printf.c.obj
 .comment       0x0000000000000079       0x7a CMakeFiles/project2.dir/Users/dylan/Library/pico/pico-sdk/src/rp2_common/pico_bootrom/bootrom.c.obj
 .comment       0x0000000000000079       0x7a CMakeFiles/project2.dir/Users/dylan/Library/pico/pico-sdk/src/rp2_common/pico_double/double_init_rom.c.obj
 .comment       0x0000000000000079       0x7a CMakeFiles/project2.dir/Users/dylan/Library/pico/pico-sdk/src/rp2_common/pico_float/float_init_rom.c.obj
 .comment       0x0000000000000079       0x7a CMakeFiles/project2.dir/Users/dylan/Library/pico/pico-sdk/src/rp2_common/pico_malloc/pico_malloc.c.obj
 .comment       0x0000000000000079       0x7a CMakeFiles/project2.dir/Users/dylan/Library/pico/pico-sdk/src/rp2_common/pico_standard_link/binary_info.c.obj
 .comment       0x0000000000000079       0x7a CMakeFiles/project2.dir/Users/dylan/Library/pico/pico-sdk/src/rp2_common/pico_stdio/stdio.c.obj

.debug_info     0x0000000000000000    0x14d0f
 .debug_info    0x0000000000000000      0xf05 CMakeFiles/project2.dir/project2.c.obj
 .debug_info    0x0000000000000f05     0x1141 CMakeFiles/project2.dir/Users/dylan/Library/pico/pico-sdk/src/rp2_common/hardware_gpio/gpio.c.obj
 .debug_info    0x0000000000002046      0x620 CMakeFiles/project2.dir/Users/dylan/Library/pico/pico-sdk/src/rp2_common/hardware_claim/claim.c.obj
 .debug_info    0x0000000000002666      0x4a5 CMakeFiles/project2.dir/Users/dylan/Library/pico/pico-sdk/src/rp2_common/hardware_sync/sync.c.obj
 .debug_info    0x0000000000002b0b      0x1d5 CMakeFiles/project2.dir/Users/dylan/Library/pico/pico-sdk/src/rp2_common/pico_platform/platform.c.obj
 .debug_info    0x0000000000002ce0     0x3a1b CMakeFiles/project2.dir/Users/dylan/Library/pico/pico-sdk/src/common/pico_time/time.c.obj
 .debug_info    0x00000000000066fb      0xf9d CMakeFiles/project2.dir/Users/dylan/Library/pico/pico-sdk/src/rp2_common/hardware_timer/timer.c.obj
 .debug_info    0x0000000000007698      0x1c5 CMakeFiles/project2.dir/Users/dylan/Library/pico/pico-sdk/src/common/pico_sync/lock_core.c.obj
 .debug_info    0x000000000000785d      0xcff CMakeFiles/project2.dir/Users/dylan/Library/pico/pico-sdk/src/common/pico_sync/mutex.c.obj
 .debug_info    0x000000000000855c     0x1a08 CMakeFiles/project2.dir/Users/dylan/Library/pico/pico-sdk/src/common/pico_util/pheap.c.obj
 .debug_info    0x0000000000009f64     0x1266 CMakeFiles/project2.dir/Users/dylan/Library/pico/pico-sdk/src/rp2_common/pico_runtime/runtime.c.obj
 .debug_info    0x000000000000b1ca     0x1037 CMakeFiles/project2.dir/Users/dylan/Library/pico/pico-sdk/src/rp2_common/hardware_clocks/clocks.c.obj
 .debug_info    0x000000000000c201      0xd37 CMakeFiles/project2.dir/Users/dylan/Library/pico/pico-sdk/src/rp2_common/hardware_watchdog/watchdog.c.obj
 .debug_info    0x000000000000cf38      0x214 CMakeFiles/project2.dir/Users/dylan/Library/pico/pico-sdk/src/rp2_common/hardware_xosc/xosc.c.obj
 .debug_info    0x000000000000d14c      0x3a6 CMakeFiles/project2.dir/Users/dylan/Library/pico/pico-sdk/src/rp2_common/hardware_pll/pll.c.obj
 .debug_info    0x000000000000d4f2     0x17f5 CMakeFiles/project2.dir/Users/dylan/Library/pico/pico-sdk/src/rp2_common/hardware_irq/irq.c.obj
 .debug_info    0x000000000000ece7       0x26 CMakeFiles/project2.dir/Users/dylan/Library/pico/pico-sdk/src/rp2_common/hardware_irq/irq_handler_chain.S.obj
 .debug_info    0x000000000000ed0d     0x1fb5 CMakeFiles/project2.dir/Users/dylan/Library/pico/pico-sdk/src/rp2_common/pico_printf/printf.c.obj
 .debug_info    0x0000000000010cc2       0x22 CMakeFiles/project2.dir/Users/dylan/Library/pico/pico-sdk/src/rp2_common/pico_bit_ops/bit_ops_aeabi.S.obj
 .debug_info    0x0000000000010ce4      0x231 CMakeFiles/project2.dir/Users/dylan/Library/pico/pico-sdk/src/rp2_common/pico_bootrom/bootrom.c.obj
 .debug_info    0x0000000000010f15       0x22 CMakeFiles/project2.dir/Users/dylan/Library/pico/pico-sdk/src/rp2_common/pico_divider/divider.S.obj
 .debug_info    0x0000000000010f37       0x22 CMakeFiles/project2.dir/Users/dylan/Library/pico/pico-sdk/src/rp2_common/pico_double/double_aeabi.S.obj
 .debug_info    0x0000000000010f59      0xb34 CMakeFiles/project2.dir/Users/dylan/Library/pico/pico-sdk/src/rp2_common/pico_double/double_init_rom.c.obj
 .debug_info    0x0000000000011a8d       0x22 CMakeFiles/project2.dir/Users/dylan/Library/pico/pico-sdk/src/rp2_common/pico_double/double_v1_rom_shim.S.obj
 .debug_info    0x0000000000011aaf       0x26 CMakeFiles/project2.dir/Users/dylan/Library/pico/pico-sdk/src/rp2_common/pico_int64_ops/pico_int64_ops_aeabi.S.obj
 .debug_info    0x0000000000011ad5       0x22 CMakeFiles/project2.dir/Users/dylan/Library/pico/pico-sdk/src/rp2_common/pico_float/float_aeabi.S.obj
 .debug_info    0x0000000000011af7      0xb83 CMakeFiles/project2.dir/Users/dylan/Library/pico/pico-sdk/src/rp2_common/pico_float/float_init_rom.c.obj
 .debug_info    0x000000000001267a       0x22 CMakeFiles/project2.dir/Users/dylan/Library/pico/pico-sdk/src/rp2_common/pico_float/float_v1_rom_shim.S.obj
 .debug_info    0x000000000001269c      0xa98 CMakeFiles/project2.dir/Users/dylan/Library/pico/pico-sdk/src/rp2_common/pico_malloc/pico_malloc.c.obj
 .debug_info    0x0000000000013134       0x22 CMakeFiles/project2.dir/Users/dylan/Library/pico/pico-sdk/src/rp2_common/pico_mem_ops/mem_ops_aeabi.S.obj
 .debug_info    0x0000000000013156       0x22 CMakeFiles/project2.dir/Users/dylan/Library/pico/pico-sdk/src/rp2_common/pico_standard_link/crt0.S.obj
 .debug_info    0x0000000000013178      0x2c5 CMakeFiles/project2.dir/Users/dylan/Library/pico/pico-sdk/src/rp2_common/pico_standard_link/binary_info.c.obj
 .debug_info    0x000000000001343d     0x18d2 CMakeFiles/project2.dir/Users/dylan/Library/pico/pico-sdk/src/rp2_common/pico_stdio/stdio.c.obj

.debug_abbrev   0x0000000000000000     0x43ea
 .debug_abbrev  0x0000000000000000      0x2c8 CMakeFiles/project2.dir/project2.c.obj
 .debug_abbrev  0x00000000000002c8      0x309 CMakeFiles/project2.dir/Users/dylan/Library/pico/pico-sdk/src/rp2_common/hardware_gpio/gpio.c.obj
 .debug_abbrev  0x00000000000005d1      0x276 CMakeFiles/project2.dir/Users/dylan/Library/pico/pico-sdk/src/rp2_common/hardware_claim/claim.c.obj
 .debug_abbrev  0x0000000000000847      0x212 CMakeFiles/project2.dir/Users/dylan/Library/pico/pico-sdk/src/rp2_common/hardware_sync/sync.c.obj
 .debug_abbrev  0x0000000000000a59       0xe7 CMakeFiles/project2.dir/Users/dylan/Library/pico/pico-sdk/src/rp2_common/pico_platform/platform.c.obj
 .debug_abbrev  0x0000000000000b40      0x626 CMakeFiles/project2.dir/Users/dylan/Library/pico/pico-sdk/src/common/pico_time/time.c.obj
 .debug_abbrev  0x0000000000001166      0x34c CMakeFiles/project2.dir/Users/dylan/Library/pico/pico-sdk/src/rp2_common/hardware_timer/timer.c.obj
 .debug_abbrev  0x00000000000014b2      0x133 CMakeFiles/project2.dir/Users/dylan/Library/pico/pico-sdk/src/common/pico_sync/lock_core.c.obj
 .debug_abbrev  0x00000000000015e5      0x34f CMakeFiles/project2.dir/Users/dylan/Library/pico/pico-sdk/src/common/pico_sync/mutex.c.obj
 .debug_abbrev  0x0000000000001934      0x3ad CMakeFiles/project2.dir/Users/dylan/Library/pico/pico-sdk/src/common/pico_util/pheap.c.obj
 .debug_abbrev  0x0000000000001ce1      0x446 CMakeFiles/project2.dir/Users/dylan/Library/pico/pico-sdk/src/rp2_common/pico_runtime/runtime.c.obj
 .debug_abbrev  0x0000000000002127      0x397 CMakeFiles/project2.dir/Users/dylan/Library/pico/pico-sdk/src/rp2_common/hardware_clocks/clocks.c.obj
 .debug_abbrev  0x00000000000024be      0x2d8 CMakeFiles/project2.dir/Users/dylan/Library/pico/pico-sdk/src/rp2_common/hardware_watchdog/watchdog.c.obj
 .debug_abbrev  0x0000000000002796      0x12c CMakeFiles/project2.dir/Users/dylan/Library/pico/pico-sdk/src/rp2_common/hardware_xosc/xosc.c.obj